   1 PROGRAM A; 
   2   VAR 
   3     m, n; 
   4   PROCEDURE B; 
???procname=B
   5     VAR 
   6       n, k; 
   7     BEGIN 
   8       n:=2; 
???name:"n"	sym:2	attr:31	level:1	procname:""	next=003D2600
   9       WRITE(n); 
  10     END; 
  11   BEGIN 
***B
name:"BEGIN"	sym:2	attr:31	level:1	procname:"B"	next=003D2600
***
***B
name:"BEGIN"	sym:2	attr:31	level:1	procname:"B"	next=003D2600
name:"BEGIN"	sym:2	attr:31	level:1	procname:"B"	next=00000000
***
***B
name:"BEGIN"	sym:2	attr:31	level:1	procname:"B"	next=003D2600
name:"BEGIN"	sym:2	attr:31	level:1	procname:"B"	next=00000000
B
name:"BEGIN"	sym:2	attr:31	level:0	procname:"B"	next=003D24C8
***
***B
name:"BEGIN"	sym:2	attr:31	level:1	procname:"B"	next=003D2600
name:"BEGIN"	sym:2	attr:31	level:1	procname:"B"	next=00000000
B
name:"BEGIN"	sym:2	attr:31	level:0	procname:"B"	next=003D24C8
name:"BEGIN"	sym:2	attr:31	level:0	procname:"B"	next=003D2548
***
***B
name:"BEGIN"	sym:2	attr:31	level:1	procname:"B"	next=003D2600
name:"BEGIN"	sym:2	attr:31	level:1	procname:"B"	next=00000000
B
name:"BEGIN"	sym:2	attr:31	level:0	procname:"B"	next=003D24C8
name:"BEGIN"	sym:2	attr:31	level:0	procname:"B"	next=003D2548
name:"B"	sym:2	attr:32	level:0	procname:"B"	next=00000000
***
***B
name:"BEGIN"	sym:2	attr:31	level:1	procname:"B"	next=003D2600
name:"BEGIN"	sym:2	attr:31	level:1	procname:"B"	next=00000000
B
name:"BEGIN"	sym:2	attr:31	level:0	procname:"B"	next=003D24C8
name:"BEGIN"	sym:2	attr:31	level:0	procname:"B"	next=003D2548
name:"B"	sym:2	attr:32	level:0	procname:"B"	next=00000000
B
name:"BEGIN"	sym:2	attr:31	level:0	procname:"B"	next=003D24C8
***
***B
name:"BEGIN"	sym:2	attr:31	level:1	procname:"B"	next=003D2600
name:"BEGIN"	sym:2	attr:31	level:1	procname:"B"	next=00000000
B
name:"BEGIN"	sym:2	attr:31	level:0	procname:"B"	next=003D24C8
name:"BEGIN"	sym:2	attr:31	level:0	procname:"B"	next=003D2548
name:"B"	sym:2	attr:32	level:0	procname:"B"	next=00000000
B
name:"BEGIN"	sym:2	attr:31	level:0	procname:"B"	next=003D24C8
name:"BEGIN"	sym:2	attr:31	level:0	procname:"B"	next=003D2548
***
***B
name:"BEGIN"	sym:2	attr:31	level:1	procname:"B"	next=003D2600
name:"BEGIN"	sym:2	attr:31	level:1	procname:"B"	next=00000000
B
name:"BEGIN"	sym:2	attr:31	level:0	procname:"B"	next=003D24C8
name:"BEGIN"	sym:2	attr:31	level:0	procname:"B"	next=003D2548
name:"B"	sym:2	attr:32	level:0	procname:"B"	next=00000000
B
name:"BEGIN"	sym:2	attr:31	level:0	procname:"B"	next=003D24C8
name:"BEGIN"	sym:2	attr:31	level:0	procname:"B"	next=003D2548
name:"B"	sym:2	attr:32	level:0	procname:"B"	next=00000000
***
***B
name:"BEGIN"	sym:2	attr:31	level:1	procname:"B"	next=003D2600
name:"BEGIN"	sym:2	attr:31	level:1	procname:"B"	next=00000000
B
name:"BEGIN"	sym:2	attr:31	level:0	procname:"B"	next=003D24C8
name:"BEGIN"	sym:2	attr:31	level:0	procname:"B"	next=003D2548
name:"B"	sym:2	attr:32	level:0	procname:"B"	next=00000000
B
name:"BEGIN"	sym:2	attr:31	level:0	procname:"B"	next=003D24C8
name:"BEGIN"	sym:2	attr:31	level:0	procname:"B"	next=003D2548
name:"B"	sym:2	attr:32	level:0	procname:"B"	next=00000000
B
name:"BEGIN"	sym:2	attr:31	level:0	procname:"B"	next=003D24C8
***
***B
name:"BEGIN"	sym:2	attr:31	level:1	procname:"B"	next=003D2600
name:"BEGIN"	sym:2	attr:31	level:1	procname:"B"	next=00000000
B
name:"BEGIN"	sym:2	attr:31	level:0	procname:"B"	next=003D24C8
name:"BEGIN"	sym:2	attr:31	level:0	procname:"B"	next=003D2548
name:"B"	sym:2	attr:32	level:0	procname:"B"	next=00000000
B
name:"BEGIN"	sym:2	attr:31	level:0	procname:"B"	next=003D24C8
name:"BEGIN"	sym:2	attr:31	level:0	procname:"B"	next=003D2548
name:"B"	sym:2	attr:32	level:0	procname:"B"	next=00000000
B
name:"BEGIN"	sym:2	attr:31	level:0	procname:"B"	next=003D24C8
name:"BEGIN"	sym:2	attr:31	level:0	procname:"B"	next=003D2548
***
***B
name:"BEGIN"	sym:2	attr:31	level:1	procname:"B"	next=003D2600
name:"BEGIN"	sym:2	attr:31	level:1	procname:"B"	next=00000000
B
name:"BEGIN"	sym:2	attr:31	level:0	procname:"B"	next=003D24C8
name:"BEGIN"	sym:2	attr:31	level:0	procname:"B"	next=003D2548
name:"B"	sym:2	attr:32	level:0	procname:"B"	next=00000000
B
name:"BEGIN"	sym:2	attr:31	level:0	procname:"B"	next=003D24C8
name:"BEGIN"	sym:2	attr:31	level:0	procname:"B"	next=003D2548
name:"B"	sym:2	attr:32	level:0	procname:"B"	next=00000000
B
name:"BEGIN"	sym:2	attr:31	level:0	procname:"B"	next=003D24C8
name:"BEGIN"	sym:2	attr:31	level:0	procname:"B"	next=003D2548
name:"B"	sym:2	attr:32	level:0	procname:"B"	next=00000000
***
***B
name:"BEGIN"	sym:2	attr:31	level:1	procname:"B"	next=003D2600
name:"BEGIN"	sym:2	attr:31	level:1	procname:"B"	next=00000000
B
name:"BEGIN"	sym:2	attr:31	level:0	procname:"B"	next=003D24C8
name:"BEGIN"	sym:2	attr:31	level:0	procname:"B"	next=003D2548
name:"B"	sym:2	attr:32	level:0	procname:"B"	next=00000000
B
name:"BEGIN"	sym:2	attr:31	level:0	procname:"B"	next=003D24C8
name:"BEGIN"	sym:2	attr:31	level:0	procname:"B"	next=003D2548
name:"B"	sym:2	attr:32	level:0	procname:"B"	next=00000000
B
name:"BEGIN"	sym:2	attr:31	level:0	procname:"B"	next=003D24C8
name:"BEGIN"	sym:2	attr:31	level:0	procname:"B"	next=003D2548
name:"B"	sym:2	attr:32	level:0	procname:"B"	next=00000000
B
name:"BEGIN"	sym:2	attr:31	level:0	procname:"B"	next=003D24C8
***
***B
name:"BEGIN"	sym:2	attr:31	level:1	procname:"B"	next=003D2600
name:"BEGIN"	sym:2	attr:31	level:1	procname:"B"	next=00000000
B
name:"BEGIN"	sym:2	attr:31	level:0	procname:"B"	next=003D24C8
name:"BEGIN"	sym:2	attr:31	level:0	procname:"B"	next=003D2548
name:"B"	sym:2	attr:32	level:0	procname:"B"	next=00000000
B
name:"BEGIN"	sym:2	attr:31	level:0	procname:"B"	next=003D24C8
name:"BEGIN"	sym:2	attr:31	level:0	procname:"B"	next=003D2548
name:"B"	sym:2	attr:32	level:0	procname:"B"	next=00000000
B
name:"BEGIN"	sym:2	attr:31	level:0	procname:"B"	next=003D24C8
name:"BEGIN"	sym:2	attr:31	level:0	procname:"B"	next=003D2548
name:"B"	sym:2	attr:32	level:0	procname:"B"	next=00000000
B
name:"BEGIN"	sym:2	attr:31	level:0	procname:"B"	next=003D24C8
name:"BEGIN"	sym:2	attr:31	level:0	procname:"B"	next=003D2548
***
***B
name:"BEGIN"	sym:2	attr:31	level:1	procname:"B"	next=003D2600
name:"BEGIN"	sym:2	attr:31	level:1	procname:"B"	next=00000000
B
name:"BEGIN"	sym:2	attr:31	level:0	procname:"B"	next=003D24C8
name:"BEGIN"	sym:2	attr:31	level:0	procname:"B"	next=003D2548
name:"B"	sym:2	attr:32	level:0	procname:"B"	next=00000000
B
name:"BEGIN"	sym:2	attr:31	level:0	procname:"B"	next=003D24C8
name:"BEGIN"	sym:2	attr:31	level:0	procname:"B"	next=003D2548
name:"B"	sym:2	attr:32	level:0	procname:"B"	next=00000000
B
name:"BEGIN"	sym:2	attr:31	level:0	procname:"B"	next=003D24C8
name:"BEGIN"	sym:2	attr:31	level:0	procname:"B"	next=003D2548
name:"B"	sym:2	attr:32	level:0	procname:"B"	next=00000000
B
name:"BEGIN"	sym:2	attr:31	level:0	procname:"B"	next=003D24C8
name:"BEGIN"	sym:2	attr:31	level:0	procname:"B"	next=003D2548
name:"B"	sym:2	attr:32	level:0	procname:"B"	next=00000000
***
***B
name:"BEGIN"	sym:2	attr:31	level:1	procname:"B"	next=003D2600
name:"BEGIN"	sym:2	attr:31	level:1	procname:"B"	next=00000000
B
name:"BEGIN"	sym:2	attr:31	level:0	procname:"B"	next=003D24C8
name:"BEGIN"	sym:2	attr:31	level:0	procname:"B"	next=003D2548
name:"B"	sym:2	attr:32	level:0	procname:"B"	next=00000000
B
name:"BEGIN"	sym:2	attr:31	level:0	procname:"B"	next=003D24C8
name:"BEGIN"	sym:2	attr:31	level:0	procname:"B"	next=003D2548
name:"B"	sym:2	attr:32	level:0	procname:"B"	next=00000000
B
name:"BEGIN"	sym:2	attr:31	level:0	procname:"B"	next=003D24C8
name:"BEGIN"	sym:2	attr:31	level:0	procname:"B"	next=003D2548
name:"B"	sym:2	attr:32	level:0	procname:"B"	next=00000000
B
name:"BEGIN"	sym:2	attr:31	level:0	procname:"B"	next=003D24C8
name:"BEGIN"	sym:2	attr:31	level:0	procname:"B"	next=003D2548
name:"B"	sym:2	attr:32	level:0	procname:"B"	next=00000000
B
name:"BEGIN"	sym:2	attr:31	level:0	procname:"B"	next=003D24C8
***
***B
name:"BEGIN"	sym:2	attr:31	level:1	procname:"B"	next=003D2600
name:"BEGIN"	sym:2	attr:31	level:1	procname:"B"	next=00000000
B
name:"BEGIN"	sym:2	attr:31	level:0	procname:"B"	next=003D24C8
name:"BEGIN"	sym:2	attr:31	level:0	procname:"B"	next=003D2548
name:"B"	sym:2	attr:32	level:0	procname:"B"	next=00000000
B
name:"BEGIN"	sym:2	attr:31	level:0	procname:"B"	next=003D24C8
name:"BEGIN"	sym:2	attr:31	level:0	procname:"B"	next=003D2548
name:"B"	sym:2	attr:32	level:0	procname:"B"	next=00000000
B
name:"BEGIN"	sym:2	attr:31	level:0	procname:"B"	next=003D24C8
name:"BEGIN"	sym:2	attr:31	level:0	procname:"B"	next=003D2548
name:"B"	sym:2	attr:32	level:0	procname:"B"	next=00000000
B
name:"BEGIN"	sym:2	attr:31	level:0	procname:"B"	next=003D24C8
name:"BEGIN"	sym:2	attr:31	level:0	procname:"B"	next=003D2548
name:"B"	sym:2	attr:32	level:0	procname:"B"	next=00000000
B
name:"BEGIN"	sym:2	attr:31	level:0	procname:"B"	next=003D24C8
name:"BEGIN"	sym:2	attr:31	level:0	procname:"B"	next=003D2548
***
***B
name:"BEGIN"	sym:2	attr:31	level:1	procname:"B"	next=003D2600
name:"BEGIN"	sym:2	attr:31	level:1	procname:"B"	next=00000000
B
name:"BEGIN"	sym:2	attr:31	level:0	procname:"B"	next=003D24C8
name:"BEGIN"	sym:2	attr:31	level:0	procname:"B"	next=003D2548
name:"B"	sym:2	attr:32	level:0	procname:"B"	next=00000000
B
name:"BEGIN"	sym:2	attr:31	level:0	procname:"B"	next=003D24C8
name:"BEGIN"	sym:2	attr:31	level:0	procname:"B"	next=003D2548
name:"B"	sym:2	attr:32	level:0	procname:"B"	next=00000000
B
name:"BEGIN"	sym:2	attr:31	level:0	procname:"B"	next=003D24C8
name:"BEGIN"	sym:2	attr:31	level:0	procname:"B"	next=003D2548
name:"B"	sym:2	attr:32	level:0	procname:"B"	next=00000000
B
name:"BEGIN"	sym:2	attr:31	level:0	procname:"B"	next=003D24C8
name:"BEGIN"	sym:2	attr:31	level:0	procname:"B"	next=003D2548
name:"B"	sym:2	attr:32	level:0	procname:"B"	next=00000000
B
name:"BEGIN"	sym:2	attr:31	level:0	procname:"B"	next=003D24C8
name:"BEGIN"	sym:2	attr:31	level:0	procname:"B"	next=003D2548
name:"B"	sym:2	attr:32	level:0	procname:"B"	next=00000000
***
***B
name:"BEGIN"	sym:2	attr:31	level:1	procname:"B"	next=003D2600
name:"BEGIN"	sym:2	attr:31	level:1	procname:"B"	next=00000000
B
name:"BEGIN"	sym:2	attr:31	level:0	procname:"B"	next=003D24C8
name:"BEGIN"	sym:2	attr:31	level:0	procname:"B"	next=003D2548
name:"B"	sym:2	attr:32	level:0	procname:"B"	next=00000000
B
name:"BEGIN"	sym:2	attr:31	level:0	procname:"B"	next=003D24C8
name:"BEGIN"	sym:2	attr:31	level:0	procname:"B"	next=003D2548
name:"B"	sym:2	attr:32	level:0	procname:"B"	next=00000000
B
name:"BEGIN"	sym:2	attr:31	level:0	procname:"B"	next=003D24C8
name:"BEGIN"	sym:2	attr:31	level:0	procname:"B"	next=003D2548
name:"B"	sym:2	attr:32	level:0	procname:"B"	next=00000000
B
name:"BEGIN"	sym:2	attr:31	level:0	procname:"B"	next=003D24C8
name:"BEGIN"	sym:2	attr:31	level:0	procname:"B"	next=003D2548
name:"B"	sym:2	attr:32	level:0	procname:"B"	next=00000000
B
name:"BEGIN"	sym:2	attr:31	level:0	procname:"B"	next=003D24C8
name:"BEGIN"	sym:2	attr:31	level:0	procname:"B"	next=003D2548
name:"B"	sym:2	attr:32	level:0	procname:"B"	next=00000000
B
name:"BEGIN"	sym:2	attr:31	level:0	procname:"B"	next=003D24C8
***
***B
name:"BEGIN"	sym:2	attr:31	level:1	procname:"B"	next=003D2600
name:"BEGIN"	sym:2	attr:31	level:1	procname:"B"	next=00000000
B
name:"BEGIN"	sym:2	attr:31	level:0	procname:"B"	next=003D24C8
name:"BEGIN"	sym:2	attr:31	level:0	procname:"B"	next=003D2548
name:"B"	sym:2	attr:32	level:0	procname:"B"	next=00000000
B
name:"BEGIN"	sym:2	attr:31	level:0	procname:"B"	next=003D24C8
name:"BEGIN"	sym:2	attr:31	level:0	procname:"B"	next=003D2548
name:"B"	sym:2	attr:32	level:0	procname:"B"	next=00000000
B
name:"BEGIN"	sym:2	attr:31	level:0	procname:"B"	next=003D24C8
name:"BEGIN"	sym:2	attr:31	level:0	procname:"B"	next=003D2548
name:"B"	sym:2	attr:32	level:0	procname:"B"	next=00000000
B
name:"BEGIN"	sym:2	attr:31	level:0	procname:"B"	next=003D24C8
name:"BEGIN"	sym:2	attr:31	level:0	procname:"B"	next=003D2548
name:"B"	sym:2	attr:32	level:0	procname:"B"	next=00000000
B
name:"BEGIN"	sym:2	attr:31	level:0	procname:"B"	next=003D24C8
name:"BEGIN"	sym:2	attr:31	level:0	procname:"B"	next=003D2548
name:"B"	sym:2	attr:32	level:0	procname:"B"	next=00000000
B
name:"BEGIN"	sym:2	attr:31	level:0	procname:"B"	next=003D24C8
name:"BEGIN"	sym:2	attr:31	level:0	procname:"B"	next=003D2548
***
***B
name:"BEGIN"	sym:2	attr:31	level:1	procname:"B"	next=003D2600
name:"BEGIN"	sym:2	attr:31	level:1	procname:"B"	next=00000000
B
name:"BEGIN"	sym:2	attr:31	level:0	procname:"B"	next=003D24C8
name:"BEGIN"	sym:2	attr:31	level:0	procname:"B"	next=003D2548
name:"B"	sym:2	attr:32	level:0	procname:"B"	next=00000000
B
name:"BEGIN"	sym:2	attr:31	level:0	procname:"B"	next=003D24C8
name:"BEGIN"	sym:2	attr:31	level:0	procname:"B"	next=003D2548
name:"B"	sym:2	attr:32	level:0	procname:"B"	next=00000000
B
name:"BEGIN"	sym:2	attr:31	level:0	procname:"B"	next=003D24C8
name:"BEGIN"	sym:2	attr:31	level:0	procname:"B"	next=003D2548
name:"B"	sym:2	attr:32	level:0	procname:"B"	next=00000000
B
name:"BEGIN"	sym:2	attr:31	level:0	procname:"B"	next=003D24C8
name:"BEGIN"	sym:2	attr:31	level:0	procname:"B"	next=003D2548
name:"B"	sym:2	attr:32	level:0	procname:"B"	next=00000000
B
name:"BEGIN"	sym:2	attr:31	level:0	procname:"B"	next=003D24C8
name:"BEGIN"	sym:2	attr:31	level:0	procname:"B"	next=003D2548
name:"B"	sym:2	attr:32	level:0	procname:"B"	next=00000000
B
name:"BEGIN"	sym:2	attr:31	level:0	procname:"B"	next=003D24C8
name:"BEGIN"	sym:2	attr:31	level:0	procname:"B"	next=003D2548
name:"B"	sym:2	attr:32	level:0	procname:"B"	next=00000000
***
***B
name:"BEGIN"	sym:2	attr:31	level:1	procname:"B"	next=003D2600
name:"BEGIN"	sym:2	attr:31	level:1	procname:"B"	next=00000000
B
name:"BEGIN"	sym:2	attr:31	level:0	procname:"B"	next=003D24C8
name:"BEGIN"	sym:2	attr:31	level:0	procname:"B"	next=003D2548
name:"B"	sym:2	attr:32	level:0	procname:"B"	next=00000000
B
name:"BEGIN"	sym:2	attr:31	level:0	procname:"B"	next=003D24C8
name:"BEGIN"	sym:2	attr:31	level:0	procname:"B"	next=003D2548
name:"B"	sym:2	attr:32	level:0	procname:"B"	next=00000000
B
name:"BEGIN"	sym:2	attr:31	level:0	procname:"B"	next=003D24C8
name:"BEGIN"	sym:2	attr:31	level:0	procname:"B"	next=003D2548
name:"B"	sym:2	attr:32	level:0	procname:"B"	next=00000000
B
name:"BEGIN"	sym:2	attr:31	level:0	procname:"B"	next=003D24C8
name:"BEGIN"	sym:2	attr:31	level:0	procname:"B"	next=003D2548
name:"B"	sym:2	attr:32	level:0	procname:"B"	next=00000000
B
name:"BEGIN"	sym:2	attr:31	level:0	procname:"B"	next=003D24C8
name:"BEGIN"	sym:2	attr:31	level:0	procname:"B"	next=003D2548
name:"B"	sym:2	attr:32	level:0	procname:"B"	next=00000000
B
name:"BEGIN"	sym:2	attr:31	level:0	procname:"B"	next=003D24C8
name:"BEGIN"	sym:2	attr:31	level:0	procname:"B"	next=003D2548
name:"B"	sym:2	attr:32	level:0	procname:"B"	next=00000000
B
name:"BEGIN"	sym:2	attr:31	level:0	procname:"B"	next=003D24C8
***
***B
name:"BEGIN"	sym:2	attr:31	level:1	procname:"B"	next=003D2600
name:"BEGIN"	sym:2	attr:31	level:1	procname:"B"	next=00000000
B
name:"BEGIN"	sym:2	attr:31	level:0	procname:"B"	next=003D24C8
name:"BEGIN"	sym:2	attr:31	level:0	procname:"B"	next=003D2548
name:"B"	sym:2	attr:32	level:0	procname:"B"	next=00000000
B
name:"BEGIN"	sym:2	attr:31	level:0	procname:"B"	next=003D24C8
name:"BEGIN"	sym:2	attr:31	level:0	procname:"B"	next=003D2548
name:"B"	sym:2	attr:32	level:0	procname:"B"	next=00000000
B
name:"BEGIN"	sym:2	attr:31	level:0	procname:"B"	next=003D24C8
name:"BEGIN"	sym:2	attr:31	level:0	procname:"B"	next=003D2548
name:"B"	sym:2	attr:32	level:0	procname:"B"	next=00000000
B
name:"BEGIN"	sym:2	attr:31	level:0	procname:"B"	next=003D24C8
name:"BEGIN"	sym:2	attr:31	level:0	procname:"B"	next=003D2548
name:"B"	sym:2	attr:32	level:0	procname:"B"	next=00000000
B
name:"BEGIN"	sym:2	attr:31	level:0	procname:"B"	next=003D24C8
name:"BEGIN"	sym:2	attr:31	level:0	procname:"B"	next=003D2548
name:"B"	sym:2	attr:32	level:0	procname:"B"	next=00000000
B
name:"BEGIN"	sym:2	attr:31	level:0	procname:"B"	next=003D24C8
name:"BEGIN"	sym:2	attr:31	level:0	procname:"B"	next=003D2548
name:"B"	sym:2	attr:32	level:0	procname:"B"	next=00000000
B
name:"BEGIN"	sym:2	attr:31	level:0	procname:"B"	next=003D24C8
name:"BEGIN"	sym:2	attr:31	level:0	procname:"B"	next=003D2548
***
***B
name:"BEGIN"	sym:2	attr:31	level:1	procname:"B"	next=003D2600
name:"BEGIN"	sym:2	attr:31	level:1	procname:"B"	next=00000000
B
name:"BEGIN"	sym:2	attr:31	level:0	procname:"B"	next=003D24C8
name:"BEGIN"	sym:2	attr:31	level:0	procname:"B"	next=003D2548
name:"B"	sym:2	attr:32	level:0	procname:"B"	next=00000000
B
name:"BEGIN"	sym:2	attr:31	level:0	procname:"B"	next=003D24C8
name:"BEGIN"	sym:2	attr:31	level:0	procname:"B"	next=003D2548
name:"B"	sym:2	attr:32	level:0	procname:"B"	next=00000000
B
name:"BEGIN"	sym:2	attr:31	level:0	procname:"B"	next=003D24C8
name:"BEGIN"	sym:2	attr:31	level:0	procname:"B"	next=003D2548
name:"B"	sym:2	attr:32	level:0	procname:"B"	next=00000000
B
name:"BEGIN"	sym:2	attr:31	level:0	procname:"B"	next=003D24C8
name:"BEGIN"	sym:2	attr:31	level:0	procname:"B"	next=003D2548
name:"B"	sym:2	attr:32	level:0	procname:"B"	next=00000000
B
name:"BEGIN"	sym:2	attr:31	level:0	procname:"B"	next=003D24C8
name:"BEGIN"	sym:2	attr:31	level:0	procname:"B"	next=003D2548
name:"B"	sym:2	attr:32	level:0	procname:"B"	next=00000000
B
name:"BEGIN"	sym:2	attr:31	level:0	procname:"B"	next=003D24C8
name:"BEGIN"	sym:2	attr:31	level:0	procname:"B"	next=003D2548
name:"B"	sym:2	attr:32	level:0	procname:"B"	next=00000000
B
name:"BEGIN"	sym:2	attr:31	level:0	procname:"B"	next=003D24C8
name:"BEGIN"	sym:2	attr:31	level:0	procname:"B"	next=003D2548
name:"B"	sym:2	attr:32	level:0	procname:"B"	next=00000000
***
***B
name:"BEGIN"	sym:2	attr:31	level:1	procname:"B"	next=003D2600
name:"BEGIN"	sym:2	attr:31	level:1	procname:"B"	next=00000000
B
name:"BEGIN"	sym:2	attr:31	level:0	procname:"B"	next=003D24C8
name:"BEGIN"	sym:2	attr:31	level:0	procname:"B"	next=003D2548
name:"B"	sym:2	attr:32	level:0	procname:"B"	next=00000000
B
name:"BEGIN"	sym:2	attr:31	level:0	procname:"B"	next=003D24C8
name:"BEGIN"	sym:2	attr:31	level:0	procname:"B"	next=003D2548
name:"B"	sym:2	attr:32	level:0	procname:"B"	next=00000000
B
name:"BEGIN"	sym:2	attr:31	level:0	procname:"B"	next=003D24C8
name:"BEGIN"	sym:2	attr:31	level:0	procname:"B"	next=003D2548
name:"B"	sym:2	attr:32	level:0	procname:"B"	next=00000000
B
name:"BEGIN"	sym:2	attr:31	level:0	procname:"B"	next=003D24C8
name:"BEGIN"	sym:2	attr:31	level:0	procname:"B"	next=003D2548
name:"B"	sym:2	attr:32	level:0	procname:"B"	next=00000000
B
name:"BEGIN"	sym:2	attr:31	level:0	procname:"B"	next=003D24C8
name:"BEGIN"	sym:2	attr:31	level:0	procname:"B"	next=003D2548
name:"B"	sym:2	attr:32	level:0	procname:"B"	next=00000000
B
name:"BEGIN"	sym:2	attr:31	level:0	procname:"B"	next=003D24C8
name:"BEGIN"	sym:2	attr:31	level:0	procname:"B"	next=003D2548
name:"B"	sym:2	attr:32	level:0	procname:"B"	next=00000000
B
name:"BEGIN"	sym:2	attr:31	level:0	procname:"B"	next=003D24C8
name:"BEGIN"	sym:2	attr:31	level:0	procname:"B"	next=003D2548
name:"B"	sym:2	attr:32	level:0	procname:"B"	next=00000000
B
name:"BEGIN"	sym:2	attr:31	level:0	procname:"B"	next=003D24C8
***
***B
name:"BEGIN"	sym:2	attr:31	level:1	procname:"B"	next=003D2600
name:"BEGIN"	sym:2	attr:31	level:1	procname:"B"	next=00000000
B
name:"BEGIN"	sym:2	attr:31	level:0	procname:"B"	next=003D24C8
name:"BEGIN"	sym:2	attr:31	level:0	procname:"B"	next=003D2548
name:"B"	sym:2	attr:32	level:0	procname:"B"	next=00000000
B
name:"BEGIN"	sym:2	attr:31	level:0	procname:"B"	next=003D24C8
name:"BEGIN"	sym:2	attr:31	level:0	procname:"B"	next=003D2548
name:"B"	sym:2	attr:32	level:0	procname:"B"	next=00000000
B
name:"BEGIN"	sym:2	attr:31	level:0	procname:"B"	next=003D24C8
name:"BEGIN"	sym:2	attr:31	level:0	procname:"B"	next=003D2548
name:"B"	sym:2	attr:32	level:0	procname:"B"	next=00000000
B
name:"BEGIN"	sym:2	attr:31	level:0	procname:"B"	next=003D24C8
name:"BEGIN"	sym:2	attr:31	level:0	procname:"B"	next=003D2548
name:"B"	sym:2	attr:32	level:0	procname:"B"	next=00000000
B
name:"BEGIN"	sym:2	attr:31	level:0	procname:"B"	next=003D24C8
name:"BEGIN"	sym:2	attr:31	level:0	procname:"B"	next=003D2548
name:"B"	sym:2	attr:32	level:0	procname:"B"	next=00000000
B
name:"BEGIN"	sym:2	attr:31	level:0	procname:"B"	next=003D24C8
name:"BEGIN"	sym:2	attr:31	level:0	procname:"B"	next=003D2548
name:"B"	sym:2	attr:32	level:0	procname:"B"	next=00000000
B
name:"BEGIN"	sym:2	attr:31	level:0	procname:"B"	next=003D24C8
name:"BEGIN"	sym:2	attr:31	level:0	procname:"B"	next=003D2548
name:"B"	sym:2	attr:32	level:0	procname:"B"	next=00000000
B
name:"BEGIN"	sym:2	attr:31	level:0	procname:"B"	next=003D24C8
name:"BEGIN"	sym:2	attr:31	level:0	procname:"B"	next=003D2548
***
***B
name:"BEGIN"	sym:2	attr:31	level:1	procname:"B"	next=003D2600
name:"BEGIN"	sym:2	attr:31	level:1	procname:"B"	next=00000000
B
name:"BEGIN"	sym:2	attr:31	level:0	procname:"B"	next=003D24C8
name:"BEGIN"	sym:2	attr:31	level:0	procname:"B"	next=003D2548
name:"B"	sym:2	attr:32	level:0	procname:"B"	next=00000000
B
name:"BEGIN"	sym:2	attr:31	level:0	procname:"B"	next=003D24C8
name:"BEGIN"	sym:2	attr:31	level:0	procname:"B"	next=003D2548
name:"B"	sym:2	attr:32	level:0	procname:"B"	next=00000000
B
name:"BEGIN"	sym:2	attr:31	level:0	procname:"B"	next=003D24C8
name:"BEGIN"	sym:2	attr:31	level:0	procname:"B"	next=003D2548
name:"B"	sym:2	attr:32	level:0	procname:"B"	next=00000000
B
name:"BEGIN"	sym:2	attr:31	level:0	procname:"B"	next=003D24C8
name:"BEGIN"	sym:2	attr:31	level:0	procname:"B"	next=003D2548
name:"B"	sym:2	attr:32	level:0	procname:"B"	next=00000000
B
name:"BEGIN"	sym:2	attr:31	level:0	procname:"B"	next=003D24C8
name:"BEGIN"	sym:2	attr:31	level:0	procname:"B"	next=003D2548
name:"B"	sym:2	attr:32	level:0	procname:"B"	next=00000000
B
name:"BEGIN"	sym:2	attr:31	level:0	procname:"B"	next=003D24C8
name:"BEGIN"	sym:2	attr:31	level:0	procname:"B"	next=003D2548
name:"B"	sym:2	attr:32	level:0	procname:"B"	next=00000000
B
name:"BEGIN"	sym:2	attr:31	level:0	procname:"B"	next=003D24C8
name:"BEGIN"	sym:2	attr:31	level:0	procname:"B"	next=003D2548
name:"B"	sym:2	attr:32	level:0	procname:"B"	next=00000000
B
name:"BEGIN"	sym:2	attr:31	level:0	procname:"B"	next=003D24C8
name:"BEGIN"	sym:2	attr:31	level:0	procname:"B"	next=003D2548
name:"B"	sym:2	attr:32	level:0	procname:"B"	next=00000000
***
***B
name:"BEGIN"	sym:2	attr:31	level:1	procname:"B"	next=003D2600
name:"BEGIN"	sym:2	attr:31	level:1	procname:"B"	next=00000000
B
name:"BEGIN"	sym:2	attr:31	level:0	procname:"B"	next=003D24C8
name:"BEGIN"	sym:2	attr:31	level:0	procname:"B"	next=003D2548
name:"B"	sym:2	attr:32	level:0	procname:"B"	next=00000000
B
name:"BEGIN"	sym:2	attr:31	level:0	procname:"B"	next=003D24C8
name:"BEGIN"	sym:2	attr:31	level:0	procname:"B"	next=003D2548
name:"B"	sym:2	attr:32	level:0	procname:"B"	next=00000000
B
name:"BEGIN"	sym:2	attr:31	level:0	procname:"B"	next=003D24C8
name:"BEGIN"	sym:2	attr:31	level:0	procname:"B"	next=003D2548
name:"B"	sym:2	attr:32	level:0	procname:"B"	next=00000000
B
name:"BEGIN"	sym:2	attr:31	level:0	procname:"B"	next=003D24C8
name:"BEGIN"	sym:2	attr:31	level:0	procname:"B"	next=003D2548
name:"B"	sym:2	attr:32	level:0	procname:"B"	next=00000000
B
name:"BEGIN"	sym:2	attr:31	level:0	procname:"B"	next=003D24C8
name:"BEGIN"	sym:2	attr:31	level:0	procname:"B"	next=003D2548
name:"B"	sym:2	attr:32	level:0	procname:"B"	next=00000000
B
name:"BEGIN"	sym:2	attr:31	level:0	procname:"B"	next=003D24C8
name:"BEGIN"	sym:2	attr:31	level:0	procname:"B"	next=003D2548
name:"B"	sym:2	attr:32	level:0	procname:"B"	next=00000000
B
name:"BEGIN"	sym:2	attr:31	level:0	procname:"B"	next=003D24C8
name:"BEGIN"	sym:2	attr:31	level:0	procname:"B"	next=003D2548
name:"B"	sym:2	attr:32	level:0	procname:"B"	next=00000000
B
name:"BEGIN"	sym:2	attr:31	level:0	procname:"B"	next=003D24C8
name:"BEGIN"	sym:2	attr:31	level:0	procname:"B"	next=003D2548
name:"B"	sym:2	attr:32	level:0	procname:"B"	next=00000000
B
name:"BEGIN"	sym:2	attr:31	level:0	procname:"B"	next=003D24C8
***
***B
name:"BEGIN"	sym:2	attr:31	level:1	procname:"B"	next=003D2600
name:"BEGIN"	sym:2	attr:31	level:1	procname:"B"	next=00000000
B
name:"BEGIN"	sym:2	attr:31	level:0	procname:"B"	next=003D24C8
name:"BEGIN"	sym:2	attr:31	level:0	procname:"B"	next=003D2548
name:"B"	sym:2	attr:32	level:0	procname:"B"	next=00000000
B
name:"BEGIN"	sym:2	attr:31	level:0	procname:"B"	next=003D24C8
name:"BEGIN"	sym:2	attr:31	level:0	procname:"B"	next=003D2548
name:"B"	sym:2	attr:32	level:0	procname:"B"	next=00000000
B
name:"BEGIN"	sym:2	attr:31	level:0	procname:"B"	next=003D24C8
name:"BEGIN"	sym:2	attr:31	level:0	procname:"B"	next=003D2548
name:"B"	sym:2	attr:32	level:0	procname:"B"	next=00000000
B
name:"BEGIN"	sym:2	attr:31	level:0	procname:"B"	next=003D24C8
name:"BEGIN"	sym:2	attr:31	level:0	procname:"B"	next=003D2548
name:"B"	sym:2	attr:32	level:0	procname:"B"	next=00000000
B
name:"BEGIN"	sym:2	attr:31	level:0	procname:"B"	next=003D24C8
name:"BEGIN"	sym:2	attr:31	level:0	procname:"B"	next=003D2548
name:"B"	sym:2	attr:32	level:0	procname:"B"	next=00000000
B
name:"BEGIN"	sym:2	attr:31	level:0	procname:"B"	next=003D24C8
name:"BEGIN"	sym:2	attr:31	level:0	procname:"B"	next=003D2548
name:"B"	sym:2	attr:32	level:0	procname:"B"	next=00000000
B
name:"BEGIN"	sym:2	attr:31	level:0	procname:"B"	next=003D24C8
name:"BEGIN"	sym:2	attr:31	level:0	procname:"B"	next=003D2548
name:"B"	sym:2	attr:32	level:0	procname:"B"	next=00000000
B
name:"BEGIN"	sym:2	attr:31	level:0	procname:"B"	next=003D24C8
name:"BEGIN"	sym:2	attr:31	level:0	procname:"B"	next=003D2548
name:"B"	sym:2	attr:32	level:0	procname:"B"	next=00000000
B
name:"BEGIN"	sym:2	attr:31	level:0	procname:"B"	next=003D24C8
name:"BEGIN"	sym:2	attr:31	level:0	procname:"B"	next=003D2548
***
***B
name:"BEGIN"	sym:2	attr:31	level:1	procname:"B"	next=003D2600
name:"BEGIN"	sym:2	attr:31	level:1	procname:"B"	next=00000000
B
name:"BEGIN"	sym:2	attr:31	level:0	procname:"B"	next=003D24C8
name:"BEGIN"	sym:2	attr:31	level:0	procname:"B"	next=003D2548
name:"B"	sym:2	attr:32	level:0	procname:"B"	next=00000000
B
name:"BEGIN"	sym:2	attr:31	level:0	procname:"B"	next=003D24C8
name:"BEGIN"	sym:2	attr:31	level:0	procname:"B"	next=003D2548
name:"B"	sym:2	attr:32	level:0	procname:"B"	next=00000000
B
name:"BEGIN"	sym:2	attr:31	level:0	procname:"B"	next=003D24C8
name:"BEGIN"	sym:2	attr:31	level:0	procname:"B"	next=003D2548
name:"B"	sym:2	attr:32	level:0	procname:"B"	next=00000000
B
name:"BEGIN"	sym:2	attr:31	level:0	procname:"B"	next=003D24C8
name:"BEGIN"	sym:2	attr:31	level:0	procname:"B"	next=003D2548
name:"B"	sym:2	attr:32	level:0	procname:"B"	next=00000000
B
name:"BEGIN"	sym:2	attr:31	level:0	procname:"B"	next=003D24C8
name:"BEGIN"	sym:2	attr:31	level:0	procname:"B"	next=003D2548
name:"B"	sym:2	attr:32	level:0	procname:"B"	next=00000000
B
name:"BEGIN"	sym:2	attr:31	level:0	procname:"B"	next=003D24C8
name:"BEGIN"	sym:2	attr:31	level:0	procname:"B"	next=003D2548
name:"B"	sym:2	attr:32	level:0	procname:"B"	next=00000000
B
name:"BEGIN"	sym:2	attr:31	level:0	procname:"B"	next=003D24C8
name:"BEGIN"	sym:2	attr:31	level:0	procname:"B"	next=003D2548
name:"B"	sym:2	attr:32	level:0	procname:"B"	next=00000000
B
name:"BEGIN"	sym:2	attr:31	level:0	procname:"B"	next=003D24C8
name:"BEGIN"	sym:2	attr:31	level:0	procname:"B"	next=003D2548
name:"B"	sym:2	attr:32	level:0	procname:"B"	next=00000000
B
name:"BEGIN"	sym:2	attr:31	level:0	procname:"B"	next=003D24C8
name:"BEGIN"	sym:2	attr:31	level:0	procname:"B"	next=003D2548
name:"B"	sym:2	attr:32	level:0	procname:"B"	next=00000000
***
***B
name:"BEGIN"	sym:2	attr:31	level:1	procname:"B"	next=003D2600
name:"BEGIN"	sym:2	attr:31	level:1	procname:"B"	next=00000000
B
name:"BEGIN"	sym:2	attr:31	level:0	procname:"B"	next=003D24C8
name:"BEGIN"	sym:2	attr:31	level:0	procname:"B"	next=003D2548
name:"B"	sym:2	attr:32	level:0	procname:"B"	next=00000000
B
name:"BEGIN"	sym:2	attr:31	level:0	procname:"B"	next=003D24C8
name:"BEGIN"	sym:2	attr:31	level:0	procname:"B"	next=003D2548
name:"B"	sym:2	attr:32	level:0	procname:"B"	next=00000000
B
name:"BEGIN"	sym:2	attr:31	level:0	procname:"B"	next=003D24C8
name:"BEGIN"	sym:2	attr:31	level:0	procname:"B"	next=003D2548
name:"B"	sym:2	attr:32	level:0	procname:"B"	next=00000000
B
name:"BEGIN"	sym:2	attr:31	level:0	procname:"B"	next=003D24C8
name:"BEGIN"	sym:2	attr:31	level:0	procname:"B"	next=003D2548
name:"B"	sym:2	attr:32	level:0	procname:"B"	next=00000000
B
name:"BEGIN"	sym:2	attr:31	level:0	procname:"B"	next=003D24C8
name:"BEGIN"	sym:2	attr:31	level:0	procname:"B"	next=003D2548
name:"B"	sym:2	attr:32	level:0	procname:"B"	next=00000000
B
name:"BEGIN"	sym:2	attr:31	level:0	procname:"B"	next=003D24C8
name:"BEGIN"	sym:2	attr:31	level:0	procname:"B"	next=003D2548
name:"B"	sym:2	attr:32	level:0	procname:"B"	next=00000000
B
name:"BEGIN"	sym:2	attr:31	level:0	procname:"B"	next=003D24C8
name:"BEGIN"	sym:2	attr:31	level:0	procname:"B"	next=003D2548
name:"B"	sym:2	attr:32	level:0	procname:"B"	next=00000000
B
name:"BEGIN"	sym:2	attr:31	level:0	procname:"B"	next=003D24C8
name:"BEGIN"	sym:2	attr:31	level:0	procname:"B"	next=003D2548
name:"B"	sym:2	attr:32	level:0	procname:"B"	next=00000000
B
name:"BEGIN"	sym:2	attr:31	level:0	procname:"B"	next=003D24C8
name:"BEGIN"	sym:2	attr:31	level:0	procname:"B"	next=003D2548
name:"B"	sym:2	attr:32	level:0	procname:"B"	next=00000000
B
name:"BEGIN"	sym:2	attr:31	level:0	procname:"B"	next=003D24C8
***
***B
name:"BEGIN"	sym:2	attr:31	level:1	procname:"B"	next=003D2600
name:"BEGIN"	sym:2	attr:31	level:1	procname:"B"	next=00000000
B
name:"BEGIN"	sym:2	attr:31	level:0	procname:"B"	next=003D24C8
name:"BEGIN"	sym:2	attr:31	level:0	procname:"B"	next=003D2548
name:"B"	sym:2	attr:32	level:0	procname:"B"	next=00000000
B
name:"BEGIN"	sym:2	attr:31	level:0	procname:"B"	next=003D24C8
name:"BEGIN"	sym:2	attr:31	level:0	procname:"B"	next=003D2548
name:"B"	sym:2	attr:32	level:0	procname:"B"	next=00000000
B
name:"BEGIN"	sym:2	attr:31	level:0	procname:"B"	next=003D24C8
name:"BEGIN"	sym:2	attr:31	level:0	procname:"B"	next=003D2548
name:"B"	sym:2	attr:32	level:0	procname:"B"	next=00000000
B
name:"BEGIN"	sym:2	attr:31	level:0	procname:"B"	next=003D24C8
name:"BEGIN"	sym:2	attr:31	level:0	procname:"B"	next=003D2548
name:"B"	sym:2	attr:32	level:0	procname:"B"	next=00000000
B
name:"BEGIN"	sym:2	attr:31	level:0	procname:"B"	next=003D24C8
name:"BEGIN"	sym:2	attr:31	level:0	procname:"B"	next=003D2548
name:"B"	sym:2	attr:32	level:0	procname:"B"	next=00000000
B
name:"BEGIN"	sym:2	attr:31	level:0	procname:"B"	next=003D24C8
name:"BEGIN"	sym:2	attr:31	level:0	procname:"B"	next=003D2548
name:"B"	sym:2	attr:32	level:0	procname:"B"	next=00000000
B
name:"BEGIN"	sym:2	attr:31	level:0	procname:"B"	next=003D24C8
name:"BEGIN"	sym:2	attr:31	level:0	procname:"B"	next=003D2548
name:"B"	sym:2	attr:32	level:0	procname:"B"	next=00000000
B
name:"BEGIN"	sym:2	attr:31	level:0	procname:"B"	next=003D24C8
name:"BEGIN"	sym:2	attr:31	level:0	procname:"B"	next=003D2548
name:"B"	sym:2	attr:32	level:0	procname:"B"	next=00000000
B
name:"BEGIN"	sym:2	attr:31	level:0	procname:"B"	next=003D24C8
name:"BEGIN"	sym:2	attr:31	level:0	procname:"B"	next=003D2548
name:"B"	sym:2	attr:32	level:0	procname:"B"	next=00000000
B
name:"BEGIN"	sym:2	attr:31	level:0	procname:"B"	next=003D24C8
name:"BEGIN"	sym:2	attr:31	level:0	procname:"B"	next=003D2548
***
***B
name:"BEGIN"	sym:2	attr:31	level:1	procname:"B"	next=003D2600
name:"BEGIN"	sym:2	attr:31	level:1	procname:"B"	next=00000000
B
name:"BEGIN"	sym:2	attr:31	level:0	procname:"B"	next=003D24C8
name:"BEGIN"	sym:2	attr:31	level:0	procname:"B"	next=003D2548
name:"B"	sym:2	attr:32	level:0	procname:"B"	next=00000000
B
name:"BEGIN"	sym:2	attr:31	level:0	procname:"B"	next=003D24C8
name:"BEGIN"	sym:2	attr:31	level:0	procname:"B"	next=003D2548
name:"B"	sym:2	attr:32	level:0	procname:"B"	next=00000000
B
name:"BEGIN"	sym:2	attr:31	level:0	procname:"B"	next=003D24C8
name:"BEGIN"	sym:2	attr:31	level:0	procname:"B"	next=003D2548
name:"B"	sym:2	attr:32	level:0	procname:"B"	next=00000000
B
name:"BEGIN"	sym:2	attr:31	level:0	procname:"B"	next=003D24C8
name:"BEGIN"	sym:2	attr:31	level:0	procname:"B"	next=003D2548
name:"B"	sym:2	attr:32	level:0	procname:"B"	next=00000000
B
name:"BEGIN"	sym:2	attr:31	level:0	procname:"B"	next=003D24C8
name:"BEGIN"	sym:2	attr:31	level:0	procname:"B"	next=003D2548
name:"B"	sym:2	attr:32	level:0	procname:"B"	next=00000000
B
name:"BEGIN"	sym:2	attr:31	level:0	procname:"B"	next=003D24C8
name:"BEGIN"	sym:2	attr:31	level:0	procname:"B"	next=003D2548
name:"B"	sym:2	attr:32	level:0	procname:"B"	next=00000000
B
name:"BEGIN"	sym:2	attr:31	level:0	procname:"B"	next=003D24C8
name:"BEGIN"	sym:2	attr:31	level:0	procname:"B"	next=003D2548
name:"B"	sym:2	attr:32	level:0	procname:"B"	next=00000000
B
name:"BEGIN"	sym:2	attr:31	level:0	procname:"B"	next=003D24C8
name:"BEGIN"	sym:2	attr:31	level:0	procname:"B"	next=003D2548
name:"B"	sym:2	attr:32	level:0	procname:"B"	next=00000000
B
name:"BEGIN"	sym:2	attr:31	level:0	procname:"B"	next=003D24C8
name:"BEGIN"	sym:2	attr:31	level:0	procname:"B"	next=003D2548
name:"B"	sym:2	attr:32	level:0	procname:"B"	next=00000000
B
name:"BEGIN"	sym:2	attr:31	level:0	procname:"B"	next=003D24C8
name:"BEGIN"	sym:2	attr:31	level:0	procname:"B"	next=003D2548
name:"B"	sym:2	attr:32	level:0	procname:"B"	next=00000000
***
***B
name:"BEGIN"	sym:2	attr:31	level:1	procname:"B"	next=003D2600
name:"BEGIN"	sym:2	attr:31	level:1	procname:"B"	next=00000000
B
name:"BEGIN"	sym:2	attr:31	level:0	procname:"B"	next=003D24C8
name:"BEGIN"	sym:2	attr:31	level:0	procname:"B"	next=003D2548
name:"B"	sym:2	attr:32	level:0	procname:"B"	next=00000000
B
name:"BEGIN"	sym:2	attr:31	level:0	procname:"B"	next=003D24C8
name:"BEGIN"	sym:2	attr:31	level:0	procname:"B"	next=003D2548
name:"B"	sym:2	attr:32	level:0	procname:"B"	next=00000000
B
name:"BEGIN"	sym:2	attr:31	level:0	procname:"B"	next=003D24C8
name:"BEGIN"	sym:2	attr:31	level:0	procname:"B"	next=003D2548
name:"B"	sym:2	attr:32	level:0	procname:"B"	next=00000000
B
name:"BEGIN"	sym:2	attr:31	level:0	procname:"B"	next=003D24C8
name:"BEGIN"	sym:2	attr:31	level:0	procname:"B"	next=003D2548
name:"B"	sym:2	attr:32	level:0	procname:"B"	next=00000000
B
name:"BEGIN"	sym:2	attr:31	level:0	procname:"B"	next=003D24C8
name:"BEGIN"	sym:2	attr:31	level:0	procname:"B"	next=003D2548
name:"B"	sym:2	attr:32	level:0	procname:"B"	next=00000000
B
name:"BEGIN"	sym:2	attr:31	level:0	procname:"B"	next=003D24C8
name:"BEGIN"	sym:2	attr:31	level:0	procname:"B"	next=003D2548
name:"B"	sym:2	attr:32	level:0	procname:"B"	next=00000000
B
name:"BEGIN"	sym:2	attr:31	level:0	procname:"B"	next=003D24C8
name:"BEGIN"	sym:2	attr:31	level:0	procname:"B"	next=003D2548
name:"B"	sym:2	attr:32	level:0	procname:"B"	next=00000000
B
name:"BEGIN"	sym:2	attr:31	level:0	procname:"B"	next=003D24C8
name:"BEGIN"	sym:2	attr:31	level:0	procname:"B"	next=003D2548
name:"B"	sym:2	attr:32	level:0	procname:"B"	next=00000000
B
name:"BEGIN"	sym:2	attr:31	level:0	procname:"B"	next=003D24C8
name:"BEGIN"	sym:2	attr:31	level:0	procname:"B"	next=003D2548
name:"B"	sym:2	attr:32	level:0	procname:"B"	next=00000000
B
name:"BEGIN"	sym:2	attr:31	level:0	procname:"B"	next=003D24C8
name:"BEGIN"	sym:2	attr:31	level:0	procname:"B"	next=003D2548
name:"B"	sym:2	attr:32	level:0	procname:"B"	next=00000000
B
name:"BEGIN"	sym:2	attr:31	level:0	procname:"B"	next=003D24C8
***
***B
name:"BEGIN"	sym:2	attr:31	level:1	procname:"B"	next=003D2600
name:"BEGIN"	sym:2	attr:31	level:1	procname:"B"	next=00000000
B
name:"BEGIN"	sym:2	attr:31	level:0	procname:"B"	next=003D24C8
name:"BEGIN"	sym:2	attr:31	level:0	procname:"B"	next=003D2548
name:"B"	sym:2	attr:32	level:0	procname:"B"	next=00000000
B
name:"BEGIN"	sym:2	attr:31	level:0	procname:"B"	next=003D24C8
name:"BEGIN"	sym:2	attr:31	level:0	procname:"B"	next=003D2548
name:"B"	sym:2	attr:32	level:0	procname:"B"	next=00000000
B
name:"BEGIN"	sym:2	attr:31	level:0	procname:"B"	next=003D24C8
name:"BEGIN"	sym:2	attr:31	level:0	procname:"B"	next=003D2548
name:"B"	sym:2	attr:32	level:0	procname:"B"	next=00000000
B
name:"BEGIN"	sym:2	attr:31	level:0	procname:"B"	next=003D24C8
name:"BEGIN"	sym:2	attr:31	level:0	procname:"B"	next=003D2548
name:"B"	sym:2	attr:32	level:0	procname:"B"	next=00000000
B
name:"BEGIN"	sym:2	attr:31	level:0	procname:"B"	next=003D24C8
name:"BEGIN"	sym:2	attr:31	level:0	procname:"B"	next=003D2548
name:"B"	sym:2	attr:32	level:0	procname:"B"	next=00000000
B
name:"BEGIN"	sym:2	attr:31	level:0	procname:"B"	next=003D24C8
name:"BEGIN"	sym:2	attr:31	level:0	procname:"B"	next=003D2548
name:"B"	sym:2	attr:32	level:0	procname:"B"	next=00000000
B
name:"BEGIN"	sym:2	attr:31	level:0	procname:"B"	next=003D24C8
name:"BEGIN"	sym:2	attr:31	level:0	procname:"B"	next=003D2548
name:"B"	sym:2	attr:32	level:0	procname:"B"	next=00000000
B
name:"BEGIN"	sym:2	attr:31	level:0	procname:"B"	next=003D24C8
name:"BEGIN"	sym:2	attr:31	level:0	procname:"B"	next=003D2548
name:"B"	sym:2	attr:32	level:0	procname:"B"	next=00000000
B
name:"BEGIN"	sym:2	attr:31	level:0	procname:"B"	next=003D24C8
name:"BEGIN"	sym:2	attr:31	level:0	procname:"B"	next=003D2548
name:"B"	sym:2	attr:32	level:0	procname:"B"	next=00000000
B
name:"BEGIN"	sym:2	attr:31	level:0	procname:"B"	next=003D24C8
name:"BEGIN"	sym:2	attr:31	level:0	procname:"B"	next=003D2548
name:"B"	sym:2	attr:32	level:0	procname:"B"	next=00000000
B
name:"BEGIN"	sym:2	attr:31	level:0	procname:"B"	next=003D24C8
name:"BEGIN"	sym:2	attr:31	level:0	procname:"B"	next=003D2548
***
***B
name:"BEGIN"	sym:2	attr:31	level:1	procname:"B"	next=003D2600
name:"BEGIN"	sym:2	attr:31	level:1	procname:"B"	next=00000000
B
name:"BEGIN"	sym:2	attr:31	level:0	procname:"B"	next=003D24C8
name:"BEGIN"	sym:2	attr:31	level:0	procname:"B"	next=003D2548
name:"B"	sym:2	attr:32	level:0	procname:"B"	next=00000000
B
name:"BEGIN"	sym:2	attr:31	level:0	procname:"B"	next=003D24C8
name:"BEGIN"	sym:2	attr:31	level:0	procname:"B"	next=003D2548
name:"B"	sym:2	attr:32	level:0	procname:"B"	next=00000000
B
name:"BEGIN"	sym:2	attr:31	level:0	procname:"B"	next=003D24C8
name:"BEGIN"	sym:2	attr:31	level:0	procname:"B"	next=003D2548
name:"B"	sym:2	attr:32	level:0	procname:"B"	next=00000000
B
name:"BEGIN"	sym:2	attr:31	level:0	procname:"B"	next=003D24C8
name:"BEGIN"	sym:2	attr:31	level:0	procname:"B"	next=003D2548
name:"B"	sym:2	attr:32	level:0	procname:"B"	next=00000000
B
name:"BEGIN"	sym:2	attr:31	level:0	procname:"B"	next=003D24C8
name:"BEGIN"	sym:2	attr:31	level:0	procname:"B"	next=003D2548
name:"B"	sym:2	attr:32	level:0	procname:"B"	next=00000000
B
name:"BEGIN"	sym:2	attr:31	level:0	procname:"B"	next=003D24C8
name:"BEGIN"	sym:2	attr:31	level:0	procname:"B"	next=003D2548
name:"B"	sym:2	attr:32	level:0	procname:"B"	next=00000000
B
name:"BEGIN"	sym:2	attr:31	level:0	procname:"B"	next=003D24C8
name:"BEGIN"	sym:2	attr:31	level:0	procname:"B"	next=003D2548
name:"B"	sym:2	attr:32	level:0	procname:"B"	next=00000000
B
name:"BEGIN"	sym:2	attr:31	level:0	procname:"B"	next=003D24C8
name:"BEGIN"	sym:2	attr:31	level:0	procname:"B"	next=003D2548
name:"B"	sym:2	attr:32	level:0	procname:"B"	next=00000000
B
name:"BEGIN"	sym:2	attr:31	level:0	procname:"B"	next=003D24C8
name:"BEGIN"	sym:2	attr:31	level:0	procname:"B"	next=003D2548
name:"B"	sym:2	attr:32	level:0	procname:"B"	next=00000000
B
name:"BEGIN"	sym:2	attr:31	level:0	procname:"B"	next=003D24C8
name:"BEGIN"	sym:2	attr:31	level:0	procname:"B"	next=003D2548
name:"B"	sym:2	attr:32	level:0	procname:"B"	next=00000000
B
name:"BEGIN"	sym:2	attr:31	level:0	procname:"B"	next=003D24C8
name:"BEGIN"	sym:2	attr:31	level:0	procname:"B"	next=003D2548
name:"B"	sym:2	attr:32	level:0	procname:"B"	next=00000000
***
***B
name:"BEGIN"	sym:2	attr:31	level:1	procname:"B"	next=003D2600
name:"BEGIN"	sym:2	attr:31	level:1	procname:"B"	next=00000000
B
name:"BEGIN"	sym:2	attr:31	level:0	procname:"B"	next=003D24C8
name:"BEGIN"	sym:2	attr:31	level:0	procname:"B"	next=003D2548
name:"B"	sym:2	attr:32	level:0	procname:"B"	next=00000000
B
name:"BEGIN"	sym:2	attr:31	level:0	procname:"B"	next=003D24C8
name:"BEGIN"	sym:2	attr:31	level:0	procname:"B"	next=003D2548
name:"B"	sym:2	attr:32	level:0	procname:"B"	next=00000000
B
name:"BEGIN"	sym:2	attr:31	level:0	procname:"B"	next=003D24C8
name:"BEGIN"	sym:2	attr:31	level:0	procname:"B"	next=003D2548
name:"B"	sym:2	attr:32	level:0	procname:"B"	next=00000000
B
name:"BEGIN"	sym:2	attr:31	level:0	procname:"B"	next=003D24C8
name:"BEGIN"	sym:2	attr:31	level:0	procname:"B"	next=003D2548
name:"B"	sym:2	attr:32	level:0	procname:"B"	next=00000000
B
name:"BEGIN"	sym:2	attr:31	level:0	procname:"B"	next=003D24C8
name:"BEGIN"	sym:2	attr:31	level:0	procname:"B"	next=003D2548
name:"B"	sym:2	attr:32	level:0	procname:"B"	next=00000000
B
name:"BEGIN"	sym:2	attr:31	level:0	procname:"B"	next=003D24C8
name:"BEGIN"	sym:2	attr:31	level:0	procname:"B"	next=003D2548
name:"B"	sym:2	attr:32	level:0	procname:"B"	next=00000000
B
name:"BEGIN"	sym:2	attr:31	level:0	procname:"B"	next=003D24C8
name:"BEGIN"	sym:2	attr:31	level:0	procname:"B"	next=003D2548
name:"B"	sym:2	attr:32	level:0	procname:"B"	next=00000000
B
name:"BEGIN"	sym:2	attr:31	level:0	procname:"B"	next=003D24C8
name:"BEGIN"	sym:2	attr:31	level:0	procname:"B"	next=003D2548
name:"B"	sym:2	attr:32	level:0	procname:"B"	next=00000000
B
name:"BEGIN"	sym:2	attr:31	level:0	procname:"B"	next=003D24C8
name:"BEGIN"	sym:2	attr:31	level:0	procname:"B"	next=003D2548
name:"B"	sym:2	attr:32	level:0	procname:"B"	next=00000000
B
name:"BEGIN"	sym:2	attr:31	level:0	procname:"B"	next=003D24C8
name:"BEGIN"	sym:2	attr:31	level:0	procname:"B"	next=003D2548
name:"B"	sym:2	attr:32	level:0	procname:"B"	next=00000000
B
name:"BEGIN"	sym:2	attr:31	level:0	procname:"B"	next=003D24C8
name:"BEGIN"	sym:2	attr:31	level:0	procname:"B"	next=003D2548
name:"B"	sym:2	attr:32	level:0	procname:"B"	next=00000000
B
name:"BEGIN"	sym:2	attr:31	level:0	procname:"B"	next=003D24C8
***
***B
name:"BEGIN"	sym:2	attr:31	level:1	procname:"B"	next=003D2600
name:"BEGIN"	sym:2	attr:31	level:1	procname:"B"	next=00000000
B
name:"BEGIN"	sym:2	attr:31	level:0	procname:"B"	next=003D24C8
name:"BEGIN"	sym:2	attr:31	level:0	procname:"B"	next=003D2548
name:"B"	sym:2	attr:32	level:0	procname:"B"	next=00000000
B
name:"BEGIN"	sym:2	attr:31	level:0	procname:"B"	next=003D24C8
name:"BEGIN"	sym:2	attr:31	level:0	procname:"B"	next=003D2548
name:"B"	sym:2	attr:32	level:0	procname:"B"	next=00000000
B
name:"BEGIN"	sym:2	attr:31	level:0	procname:"B"	next=003D24C8
name:"BEGIN"	sym:2	attr:31	level:0	procname:"B"	next=003D2548
name:"B"	sym:2	attr:32	level:0	procname:"B"	next=00000000
B
name:"BEGIN"	sym:2	attr:31	level:0	procname:"B"	next=003D24C8
name:"BEGIN"	sym:2	attr:31	level:0	procname:"B"	next=003D2548
name:"B"	sym:2	attr:32	level:0	procname:"B"	next=00000000
B
name:"BEGIN"	sym:2	attr:31	level:0	procname:"B"	next=003D24C8
name:"BEGIN"	sym:2	attr:31	level:0	procname:"B"	next=003D2548
name:"B"	sym:2	attr:32	level:0	procname:"B"	next=00000000
B
name:"BEGIN"	sym:2	attr:31	level:0	procname:"B"	next=003D24C8
name:"BEGIN"	sym:2	attr:31	level:0	procname:"B"	next=003D2548
name:"B"	sym:2	attr:32	level:0	procname:"B"	next=00000000
B
name:"BEGIN"	sym:2	attr:31	level:0	procname:"B"	next=003D24C8
name:"BEGIN"	sym:2	attr:31	level:0	procname:"B"	next=003D2548
name:"B"	sym:2	attr:32	level:0	procname:"B"	next=00000000
B
name:"BEGIN"	sym:2	attr:31	level:0	procname:"B"	next=003D24C8
name:"BEGIN"	sym:2	attr:31	level:0	procname:"B"	next=003D2548
name:"B"	sym:2	attr:32	level:0	procname:"B"	next=00000000
B
name:"BEGIN"	sym:2	attr:31	level:0	procname:"B"	next=003D24C8
name:"BEGIN"	sym:2	attr:31	level:0	procname:"B"	next=003D2548
name:"B"	sym:2	attr:32	level:0	procname:"B"	next=00000000
B
name:"BEGIN"	sym:2	attr:31	level:0	procname:"B"	next=003D24C8
name:"BEGIN"	sym:2	attr:31	level:0	procname:"B"	next=003D2548
name:"B"	sym:2	attr:32	level:0	procname:"B"	next=00000000
B
name:"BEGIN"	sym:2	attr:31	level:0	procname:"B"	next=003D24C8
name:"BEGIN"	sym:2	attr:31	level:0	procname:"B"	next=003D2548
name:"B"	sym:2	attr:32	level:0	procname:"B"	next=00000000
B
name:"BEGIN"	sym:2	attr:31	level:0	procname:"B"	next=003D24C8
name:"BEGIN"	sym:2	attr:31	level:0	procname:"B"	next=003D2548
***
***B
name:"BEGIN"	sym:2	attr:31	level:1	procname:"B"	next=003D2600
name:"BEGIN"	sym:2	attr:31	level:1	procname:"B"	next=00000000
B
name:"BEGIN"	sym:2	attr:31	level:0	procname:"B"	next=003D24C8
name:"BEGIN"	sym:2	attr:31	level:0	procname:"B"	next=003D2548
name:"B"	sym:2	attr:32	level:0	procname:"B"	next=00000000
B
name:"BEGIN"	sym:2	attr:31	level:0	procname:"B"	next=003D24C8
name:"BEGIN"	sym:2	attr:31	level:0	procname:"B"	next=003D2548
name:"B"	sym:2	attr:32	level:0	procname:"B"	next=00000000
B
name:"BEGIN"	sym:2	attr:31	level:0	procname:"B"	next=003D24C8
name:"BEGIN"	sym:2	attr:31	level:0	procname:"B"	next=003D2548
name:"B"	sym:2	attr:32	level:0	procname:"B"	next=00000000
B
name:"BEGIN"	sym:2	attr:31	level:0	procname:"B"	next=003D24C8
name:"BEGIN"	sym:2	attr:31	level:0	procname:"B"	next=003D2548
name:"B"	sym:2	attr:32	level:0	procname:"B"	next=00000000
B
name:"BEGIN"	sym:2	attr:31	level:0	procname:"B"	next=003D24C8
name:"BEGIN"	sym:2	attr:31	level:0	procname:"B"	next=003D2548
name:"B"	sym:2	attr:32	level:0	procname:"B"	next=00000000
B
name:"BEGIN"	sym:2	attr:31	level:0	procname:"B"	next=003D24C8
name:"BEGIN"	sym:2	attr:31	level:0	procname:"B"	next=003D2548
name:"B"	sym:2	attr:32	level:0	procname:"B"	next=00000000
B
name:"BEGIN"	sym:2	attr:31	level:0	procname:"B"	next=003D24C8
name:"BEGIN"	sym:2	attr:31	level:0	procname:"B"	next=003D2548
name:"B"	sym:2	attr:32	level:0	procname:"B"	next=00000000
B
name:"BEGIN"	sym:2	attr:31	level:0	procname:"B"	next=003D24C8
name:"BEGIN"	sym:2	attr:31	level:0	procname:"B"	next=003D2548
name:"B"	sym:2	attr:32	level:0	procname:"B"	next=00000000
B
name:"BEGIN"	sym:2	attr:31	level:0	procname:"B"	next=003D24C8
name:"BEGIN"	sym:2	attr:31	level:0	procname:"B"	next=003D2548
name:"B"	sym:2	attr:32	level:0	procname:"B"	next=00000000
B
name:"BEGIN"	sym:2	attr:31	level:0	procname:"B"	next=003D24C8
name:"BEGIN"	sym:2	attr:31	level:0	procname:"B"	next=003D2548
name:"B"	sym:2	attr:32	level:0	procname:"B"	next=00000000
B
name:"BEGIN"	sym:2	attr:31	level:0	procname:"B"	next=003D24C8
name:"BEGIN"	sym:2	attr:31	level:0	procname:"B"	next=003D2548
name:"B"	sym:2	attr:32	level:0	procname:"B"	next=00000000
B
name:"BEGIN"	sym:2	attr:31	level:0	procname:"B"	next=003D24C8
name:"BEGIN"	sym:2	attr:31	level:0	procname:"B"	next=003D2548
name:"B"	sym:2	attr:32	level:0	procname:"B"	next=00000000
***
***B
name:"BEGIN"	sym:2	attr:31	level:1	procname:"B"	next=003D2600
name:"BEGIN"	sym:2	attr:31	level:1	procname:"B"	next=00000000
B
name:"BEGIN"	sym:2	attr:31	level:0	procname:"B"	next=003D24C8
name:"BEGIN"	sym:2	attr:31	level:0	procname:"B"	next=003D2548
name:"B"	sym:2	attr:32	level:0	procname:"B"	next=00000000
B
name:"BEGIN"	sym:2	attr:31	level:0	procname:"B"	next=003D24C8
name:"BEGIN"	sym:2	attr:31	level:0	procname:"B"	next=003D2548
name:"B"	sym:2	attr:32	level:0	procname:"B"	next=00000000
B
name:"BEGIN"	sym:2	attr:31	level:0	procname:"B"	next=003D24C8
name:"BEGIN"	sym:2	attr:31	level:0	procname:"B"	next=003D2548
name:"B"	sym:2	attr:32	level:0	procname:"B"	next=00000000
B
name:"BEGIN"	sym:2	attr:31	level:0	procname:"B"	next=003D24C8
name:"BEGIN"	sym:2	attr:31	level:0	procname:"B"	next=003D2548
name:"B"	sym:2	attr:32	level:0	procname:"B"	next=00000000
B
name:"BEGIN"	sym:2	attr:31	level:0	procname:"B"	next=003D24C8
name:"BEGIN"	sym:2	attr:31	level:0	procname:"B"	next=003D2548
name:"B"	sym:2	attr:32	level:0	procname:"B"	next=00000000
B
name:"BEGIN"	sym:2	attr:31	level:0	procname:"B"	next=003D24C8
name:"BEGIN"	sym:2	attr:31	level:0	procname:"B"	next=003D2548
name:"B"	sym:2	attr:32	level:0	procname:"B"	next=00000000
B
name:"BEGIN"	sym:2	attr:31	level:0	procname:"B"	next=003D24C8
name:"BEGIN"	sym:2	attr:31	level:0	procname:"B"	next=003D2548
name:"B"	sym:2	attr:32	level:0	procname:"B"	next=00000000
B
name:"BEGIN"	sym:2	attr:31	level:0	procname:"B"	next=003D24C8
name:"BEGIN"	sym:2	attr:31	level:0	procname:"B"	next=003D2548
name:"B"	sym:2	attr:32	level:0	procname:"B"	next=00000000
B
name:"BEGIN"	sym:2	attr:31	level:0	procname:"B"	next=003D24C8
name:"BEGIN"	sym:2	attr:31	level:0	procname:"B"	next=003D2548
name:"B"	sym:2	attr:32	level:0	procname:"B"	next=00000000
B
name:"BEGIN"	sym:2	attr:31	level:0	procname:"B"	next=003D24C8
name:"BEGIN"	sym:2	attr:31	level:0	procname:"B"	next=003D2548
name:"B"	sym:2	attr:32	level:0	procname:"B"	next=00000000
B
name:"BEGIN"	sym:2	attr:31	level:0	procname:"B"	next=003D24C8
name:"BEGIN"	sym:2	attr:31	level:0	procname:"B"	next=003D2548
name:"B"	sym:2	attr:32	level:0	procname:"B"	next=00000000
B
name:"BEGIN"	sym:2	attr:31	level:0	procname:"B"	next=003D24C8
name:"BEGIN"	sym:2	attr:31	level:0	procname:"B"	next=003D2548
name:"B"	sym:2	attr:32	level:0	procname:"B"	next=00000000
B
name:"BEGIN"	sym:2	attr:31	level:0	procname:"B"	next=003D24C8
***
***B
name:"BEGIN"	sym:2	attr:31	level:1	procname:"B"	next=003D2600
name:"BEGIN"	sym:2	attr:31	level:1	procname:"B"	next=00000000
B
name:"BEGIN"	sym:2	attr:31	level:0	procname:"B"	next=003D24C8
name:"BEGIN"	sym:2	attr:31	level:0	procname:"B"	next=003D2548
name:"B"	sym:2	attr:32	level:0	procname:"B"	next=00000000
B
name:"BEGIN"	sym:2	attr:31	level:0	procname:"B"	next=003D24C8
name:"BEGIN"	sym:2	attr:31	level:0	procname:"B"	next=003D2548
name:"B"	sym:2	attr:32	level:0	procname:"B"	next=00000000
B
name:"BEGIN"	sym:2	attr:31	level:0	procname:"B"	next=003D24C8
name:"BEGIN"	sym:2	attr:31	level:0	procname:"B"	next=003D2548
name:"B"	sym:2	attr:32	level:0	procname:"B"	next=00000000
B
name:"BEGIN"	sym:2	attr:31	level:0	procname:"B"	next=003D24C8
name:"BEGIN"	sym:2	attr:31	level:0	procname:"B"	next=003D2548
name:"B"	sym:2	attr:32	level:0	procname:"B"	next=00000000
B
name:"BEGIN"	sym:2	attr:31	level:0	procname:"B"	next=003D24C8
name:"BEGIN"	sym:2	attr:31	level:0	procname:"B"	next=003D2548
name:"B"	sym:2	attr:32	level:0	procname:"B"	next=00000000
B
name:"BEGIN"	sym:2	attr:31	level:0	procname:"B"	next=003D24C8
name:"BEGIN"	sym:2	attr:31	level:0	procname:"B"	next=003D2548
name:"B"	sym:2	attr:32	level:0	procname:"B"	next=00000000
B
name:"BEGIN"	sym:2	attr:31	level:0	procname:"B"	next=003D24C8
name:"BEGIN"	sym:2	attr:31	level:0	procname:"B"	next=003D2548
name:"B"	sym:2	attr:32	level:0	procname:"B"	next=00000000
B
name:"BEGIN"	sym:2	attr:31	level:0	procname:"B"	next=003D24C8
name:"BEGIN"	sym:2	attr:31	level:0	procname:"B"	next=003D2548
name:"B"	sym:2	attr:32	level:0	procname:"B"	next=00000000
B
name:"BEGIN"	sym:2	attr:31	level:0	procname:"B"	next=003D24C8
name:"BEGIN"	sym:2	attr:31	level:0	procname:"B"	next=003D2548
name:"B"	sym:2	attr:32	level:0	procname:"B"	next=00000000
B
name:"BEGIN"	sym:2	attr:31	level:0	procname:"B"	next=003D24C8
name:"BEGIN"	sym:2	attr:31	level:0	procname:"B"	next=003D2548
name:"B"	sym:2	attr:32	level:0	procname:"B"	next=00000000
B
name:"BEGIN"	sym:2	attr:31	level:0	procname:"B"	next=003D24C8
name:"BEGIN"	sym:2	attr:31	level:0	procname:"B"	next=003D2548
name:"B"	sym:2	attr:32	level:0	procname:"B"	next=00000000
B
name:"BEGIN"	sym:2	attr:31	level:0	procname:"B"	next=003D24C8
name:"BEGIN"	sym:2	attr:31	level:0	procname:"B"	next=003D2548
name:"B"	sym:2	attr:32	level:0	procname:"B"	next=00000000
B
name:"BEGIN"	sym:2	attr:31	level:0	procname:"B"	next=003D24C8
name:"BEGIN"	sym:2	attr:31	level:0	procname:"B"	next=003D2548
***
***B
name:"BEGIN"	sym:2	attr:31	level:1	procname:"B"	next=003D2600
name:"BEGIN"	sym:2	attr:31	level:1	procname:"B"	next=00000000
B
name:"BEGIN"	sym:2	attr:31	level:0	procname:"B"	next=003D24C8
name:"BEGIN"	sym:2	attr:31	level:0	procname:"B"	next=003D2548
name:"B"	sym:2	attr:32	level:0	procname:"B"	next=00000000
B
name:"BEGIN"	sym:2	attr:31	level:0	procname:"B"	next=003D24C8
name:"BEGIN"	sym:2	attr:31	level:0	procname:"B"	next=003D2548
name:"B"	sym:2	attr:32	level:0	procname:"B"	next=00000000
B
name:"BEGIN"	sym:2	attr:31	level:0	procname:"B"	next=003D24C8
name:"BEGIN"	sym:2	attr:31	level:0	procname:"B"	next=003D2548
name:"B"	sym:2	attr:32	level:0	procname:"B"	next=00000000
B
name:"BEGIN"	sym:2	attr:31	level:0	procname:"B"	next=003D24C8
name:"BEGIN"	sym:2	attr:31	level:0	procname:"B"	next=003D2548
name:"B"	sym:2	attr:32	level:0	procname:"B"	next=00000000
B
name:"BEGIN"	sym:2	attr:31	level:0	procname:"B"	next=003D24C8
name:"BEGIN"	sym:2	attr:31	level:0	procname:"B"	next=003D2548
name:"B"	sym:2	attr:32	level:0	procname:"B"	next=00000000
B
name:"BEGIN"	sym:2	attr:31	level:0	procname:"B"	next=003D24C8
name:"BEGIN"	sym:2	attr:31	level:0	procname:"B"	next=003D2548
name:"B"	sym:2	attr:32	level:0	procname:"B"	next=00000000
B
name:"BEGIN"	sym:2	attr:31	level:0	procname:"B"	next=003D24C8
name:"BEGIN"	sym:2	attr:31	level:0	procname:"B"	next=003D2548
name:"B"	sym:2	attr:32	level:0	procname:"B"	next=00000000
B
name:"BEGIN"	sym:2	attr:31	level:0	procname:"B"	next=003D24C8
name:"BEGIN"	sym:2	attr:31	level:0	procname:"B"	next=003D2548
name:"B"	sym:2	attr:32	level:0	procname:"B"	next=00000000
B
name:"BEGIN"	sym:2	attr:31	level:0	procname:"B"	next=003D24C8
name:"BEGIN"	sym:2	attr:31	level:0	procname:"B"	next=003D2548
name:"B"	sym:2	attr:32	level:0	procname:"B"	next=00000000
B
name:"BEGIN"	sym:2	attr:31	level:0	procname:"B"	next=003D24C8
name:"BEGIN"	sym:2	attr:31	level:0	procname:"B"	next=003D2548
name:"B"	sym:2	attr:32	level:0	procname:"B"	next=00000000
B
name:"BEGIN"	sym:2	attr:31	level:0	procname:"B"	next=003D24C8
name:"BEGIN"	sym:2	attr:31	level:0	procname:"B"	next=003D2548
name:"B"	sym:2	attr:32	level:0	procname:"B"	next=00000000
B
name:"BEGIN"	sym:2	attr:31	level:0	procname:"B"	next=003D24C8
name:"BEGIN"	sym:2	attr:31	level:0	procname:"B"	next=003D2548
name:"B"	sym:2	attr:32	level:0	procname:"B"	next=00000000
B
name:"BEGIN"	sym:2	attr:31	level:0	procname:"B"	next=003D24C8
name:"BEGIN"	sym:2	attr:31	level:0	procname:"B"	next=003D2548
name:"B"	sym:2	attr:32	level:0	procname:"B"	next=00000000
***
***B
name:"BEGIN"	sym:2	attr:31	level:1	procname:"B"	next=003D2600
name:"BEGIN"	sym:2	attr:31	level:1	procname:"B"	next=00000000
B
name:"BEGIN"	sym:2	attr:31	level:0	procname:"B"	next=003D24C8
name:"BEGIN"	sym:2	attr:31	level:0	procname:"B"	next=003D2548
name:"B"	sym:2	attr:32	level:0	procname:"B"	next=00000000
B
name:"BEGIN"	sym:2	attr:31	level:0	procname:"B"	next=003D24C8
name:"BEGIN"	sym:2	attr:31	level:0	procname:"B"	next=003D2548
name:"B"	sym:2	attr:32	level:0	procname:"B"	next=00000000
B
name:"BEGIN"	sym:2	attr:31	level:0	procname:"B"	next=003D24C8
name:"BEGIN"	sym:2	attr:31	level:0	procname:"B"	next=003D2548
name:"B"	sym:2	attr:32	level:0	procname:"B"	next=00000000
B
name:"BEGIN"	sym:2	attr:31	level:0	procname:"B"	next=003D24C8
name:"BEGIN"	sym:2	attr:31	level:0	procname:"B"	next=003D2548
name:"B"	sym:2	attr:32	level:0	procname:"B"	next=00000000
B
name:"BEGIN"	sym:2	attr:31	level:0	procname:"B"	next=003D24C8
name:"BEGIN"	sym:2	attr:31	level:0	procname:"B"	next=003D2548
name:"B"	sym:2	attr:32	level:0	procname:"B"	next=00000000
B
name:"BEGIN"	sym:2	attr:31	level:0	procname:"B"	next=003D24C8
name:"BEGIN"	sym:2	attr:31	level:0	procname:"B"	next=003D2548
name:"B"	sym:2	attr:32	level:0	procname:"B"	next=00000000
B
name:"BEGIN"	sym:2	attr:31	level:0	procname:"B"	next=003D24C8
name:"BEGIN"	sym:2	attr:31	level:0	procname:"B"	next=003D2548
name:"B"	sym:2	attr:32	level:0	procname:"B"	next=00000000
B
name:"BEGIN"	sym:2	attr:31	level:0	procname:"B"	next=003D24C8
name:"BEGIN"	sym:2	attr:31	level:0	procname:"B"	next=003D2548
name:"B"	sym:2	attr:32	level:0	procname:"B"	next=00000000
B
name:"BEGIN"	sym:2	attr:31	level:0	procname:"B"	next=003D24C8
name:"BEGIN"	sym:2	attr:31	level:0	procname:"B"	next=003D2548
name:"B"	sym:2	attr:32	level:0	procname:"B"	next=00000000
B
name:"BEGIN"	sym:2	attr:31	level:0	procname:"B"	next=003D24C8
name:"BEGIN"	sym:2	attr:31	level:0	procname:"B"	next=003D2548
name:"B"	sym:2	attr:32	level:0	procname:"B"	next=00000000
B
name:"BEGIN"	sym:2	attr:31	level:0	procname:"B"	next=003D24C8
name:"BEGIN"	sym:2	attr:31	level:0	procname:"B"	next=003D2548
name:"B"	sym:2	attr:32	level:0	procname:"B"	next=00000000
B
name:"BEGIN"	sym:2	attr:31	level:0	procname:"B"	next=003D24C8
name:"BEGIN"	sym:2	attr:31	level:0	procname:"B"	next=003D2548
name:"B"	sym:2	attr:32	level:0	procname:"B"	next=00000000
B
name:"BEGIN"	sym:2	attr:31	level:0	procname:"B"	next=003D24C8
name:"BEGIN"	sym:2	attr:31	level:0	procname:"B"	next=003D2548
name:"B"	sym:2	attr:32	level:0	procname:"B"	next=00000000
B
name:"BEGIN"	sym:2	attr:31	level:0	procname:"B"	next=003D24C8
***
***B
name:"BEGIN"	sym:2	attr:31	level:1	procname:"B"	next=003D2600
name:"BEGIN"	sym:2	attr:31	level:1	procname:"B"	next=00000000
B
name:"BEGIN"	sym:2	attr:31	level:0	procname:"B"	next=003D24C8
name:"BEGIN"	sym:2	attr:31	level:0	procname:"B"	next=003D2548
name:"B"	sym:2	attr:32	level:0	procname:"B"	next=00000000
B
name:"BEGIN"	sym:2	attr:31	level:0	procname:"B"	next=003D24C8
name:"BEGIN"	sym:2	attr:31	level:0	procname:"B"	next=003D2548
name:"B"	sym:2	attr:32	level:0	procname:"B"	next=00000000
B
name:"BEGIN"	sym:2	attr:31	level:0	procname:"B"	next=003D24C8
name:"BEGIN"	sym:2	attr:31	level:0	procname:"B"	next=003D2548
name:"B"	sym:2	attr:32	level:0	procname:"B"	next=00000000
B
name:"BEGIN"	sym:2	attr:31	level:0	procname:"B"	next=003D24C8
name:"BEGIN"	sym:2	attr:31	level:0	procname:"B"	next=003D2548
name:"B"	sym:2	attr:32	level:0	procname:"B"	next=00000000
B
name:"BEGIN"	sym:2	attr:31	level:0	procname:"B"	next=003D24C8
name:"BEGIN"	sym:2	attr:31	level:0	procname:"B"	next=003D2548
name:"B"	sym:2	attr:32	level:0	procname:"B"	next=00000000
B
name:"BEGIN"	sym:2	attr:31	level:0	procname:"B"	next=003D24C8
name:"BEGIN"	sym:2	attr:31	level:0	procname:"B"	next=003D2548
name:"B"	sym:2	attr:32	level:0	procname:"B"	next=00000000
B
name:"BEGIN"	sym:2	attr:31	level:0	procname:"B"	next=003D24C8
name:"BEGIN"	sym:2	attr:31	level:0	procname:"B"	next=003D2548
name:"B"	sym:2	attr:32	level:0	procname:"B"	next=00000000
B
name:"BEGIN"	sym:2	attr:31	level:0	procname:"B"	next=003D24C8
name:"BEGIN"	sym:2	attr:31	level:0	procname:"B"	next=003D2548
name:"B"	sym:2	attr:32	level:0	procname:"B"	next=00000000
B
name:"BEGIN"	sym:2	attr:31	level:0	procname:"B"	next=003D24C8
name:"BEGIN"	sym:2	attr:31	level:0	procname:"B"	next=003D2548
name:"B"	sym:2	attr:32	level:0	procname:"B"	next=00000000
B
name:"BEGIN"	sym:2	attr:31	level:0	procname:"B"	next=003D24C8
name:"BEGIN"	sym:2	attr:31	level:0	procname:"B"	next=003D2548
name:"B"	sym:2	attr:32	level:0	procname:"B"	next=00000000
B
name:"BEGIN"	sym:2	attr:31	level:0	procname:"B"	next=003D24C8
name:"BEGIN"	sym:2	attr:31	level:0	procname:"B"	next=003D2548
name:"B"	sym:2	attr:32	level:0	procname:"B"	next=00000000
B
name:"BEGIN"	sym:2	attr:31	level:0	procname:"B"	next=003D24C8
name:"BEGIN"	sym:2	attr:31	level:0	procname:"B"	next=003D2548
name:"B"	sym:2	attr:32	level:0	procname:"B"	next=00000000
B
name:"BEGIN"	sym:2	attr:31	level:0	procname:"B"	next=003D24C8
name:"BEGIN"	sym:2	attr:31	level:0	procname:"B"	next=003D2548
name:"B"	sym:2	attr:32	level:0	procname:"B"	next=00000000
B
name:"BEGIN"	sym:2	attr:31	level:0	procname:"B"	next=003D24C8
name:"BEGIN"	sym:2	attr:31	level:0	procname:"B"	next=003D2548
***
***B
name:"BEGIN"	sym:2	attr:31	level:1	procname:"B"	next=003D2600
name:"BEGIN"	sym:2	attr:31	level:1	procname:"B"	next=00000000
B
name:"BEGIN"	sym:2	attr:31	level:0	procname:"B"	next=003D24C8
name:"BEGIN"	sym:2	attr:31	level:0	procname:"B"	next=003D2548
name:"B"	sym:2	attr:32	level:0	procname:"B"	next=00000000
B
name:"BEGIN"	sym:2	attr:31	level:0	procname:"B"	next=003D24C8
name:"BEGIN"	sym:2	attr:31	level:0	procname:"B"	next=003D2548
name:"B"	sym:2	attr:32	level:0	procname:"B"	next=00000000
B
name:"BEGIN"	sym:2	attr:31	level:0	procname:"B"	next=003D24C8
name:"BEGIN"	sym:2	attr:31	level:0	procname:"B"	next=003D2548
name:"B"	sym:2	attr:32	level:0	procname:"B"	next=00000000
B
name:"BEGIN"	sym:2	attr:31	level:0	procname:"B"	next=003D24C8
name:"BEGIN"	sym:2	attr:31	level:0	procname:"B"	next=003D2548
name:"B"	sym:2	attr:32	level:0	procname:"B"	next=00000000
B
name:"BEGIN"	sym:2	attr:31	level:0	procname:"B"	next=003D24C8
name:"BEGIN"	sym:2	attr:31	level:0	procname:"B"	next=003D2548
name:"B"	sym:2	attr:32	level:0	procname:"B"	next=00000000
B
name:"BEGIN"	sym:2	attr:31	level:0	procname:"B"	next=003D24C8
name:"BEGIN"	sym:2	attr:31	level:0	procname:"B"	next=003D2548
name:"B"	sym:2	attr:32	level:0	procname:"B"	next=00000000
B
name:"BEGIN"	sym:2	attr:31	level:0	procname:"B"	next=003D24C8
name:"BEGIN"	sym:2	attr:31	level:0	procname:"B"	next=003D2548
name:"B"	sym:2	attr:32	level:0	procname:"B"	next=00000000
B
name:"BEGIN"	sym:2	attr:31	level:0	procname:"B"	next=003D24C8
name:"BEGIN"	sym:2	attr:31	level:0	procname:"B"	next=003D2548
name:"B"	sym:2	attr:32	level:0	procname:"B"	next=00000000
B
name:"BEGIN"	sym:2	attr:31	level:0	procname:"B"	next=003D24C8
name:"BEGIN"	sym:2	attr:31	level:0	procname:"B"	next=003D2548
name:"B"	sym:2	attr:32	level:0	procname:"B"	next=00000000
B
name:"BEGIN"	sym:2	attr:31	level:0	procname:"B"	next=003D24C8
name:"BEGIN"	sym:2	attr:31	level:0	procname:"B"	next=003D2548
name:"B"	sym:2	attr:32	level:0	procname:"B"	next=00000000
B
name:"BEGIN"	sym:2	attr:31	level:0	procname:"B"	next=003D24C8
name:"BEGIN"	sym:2	attr:31	level:0	procname:"B"	next=003D2548
name:"B"	sym:2	attr:32	level:0	procname:"B"	next=00000000
B
name:"BEGIN"	sym:2	attr:31	level:0	procname:"B"	next=003D24C8
name:"BEGIN"	sym:2	attr:31	level:0	procname:"B"	next=003D2548
name:"B"	sym:2	attr:32	level:0	procname:"B"	next=00000000
B
name:"BEGIN"	sym:2	attr:31	level:0	procname:"B"	next=003D24C8
name:"BEGIN"	sym:2	attr:31	level:0	procname:"B"	next=003D2548
name:"B"	sym:2	attr:32	level:0	procname:"B"	next=00000000
B
name:"BEGIN"	sym:2	attr:31	level:0	procname:"B"	next=003D24C8
name:"BEGIN"	sym:2	attr:31	level:0	procname:"B"	next=003D2548
name:"B"	sym:2	attr:32	level:0	procname:"B"	next=00000000
***
***B
name:"BEGIN"	sym:2	attr:31	level:1	procname:"B"	next=003D2600
name:"BEGIN"	sym:2	attr:31	level:1	procname:"B"	next=00000000
B
name:"BEGIN"	sym:2	attr:31	level:0	procname:"B"	next=003D24C8
name:"BEGIN"	sym:2	attr:31	level:0	procname:"B"	next=003D2548
name:"B"	sym:2	attr:32	level:0	procname:"B"	next=00000000
B
name:"BEGIN"	sym:2	attr:31	level:0	procname:"B"	next=003D24C8
name:"BEGIN"	sym:2	attr:31	level:0	procname:"B"	next=003D2548
name:"B"	sym:2	attr:32	level:0	procname:"B"	next=00000000
B
name:"BEGIN"	sym:2	attr:31	level:0	procname:"B"	next=003D24C8
name:"BEGIN"	sym:2	attr:31	level:0	procname:"B"	next=003D2548
name:"B"	sym:2	attr:32	level:0	procname:"B"	next=00000000
B
name:"BEGIN"	sym:2	attr:31	level:0	procname:"B"	next=003D24C8
name:"BEGIN"	sym:2	attr:31	level:0	procname:"B"	next=003D2548
name:"B"	sym:2	attr:32	level:0	procname:"B"	next=00000000
B
name:"BEGIN"	sym:2	attr:31	level:0	procname:"B"	next=003D24C8
name:"BEGIN"	sym:2	attr:31	level:0	procname:"B"	next=003D2548
name:"B"	sym:2	attr:32	level:0	procname:"B"	next=00000000
B
name:"BEGIN"	sym:2	attr:31	level:0	procname:"B"	next=003D24C8
name:"BEGIN"	sym:2	attr:31	level:0	procname:"B"	next=003D2548
name:"B"	sym:2	attr:32	level:0	procname:"B"	next=00000000
B
name:"BEGIN"	sym:2	attr:31	level:0	procname:"B"	next=003D24C8
name:"BEGIN"	sym:2	attr:31	level:0	procname:"B"	next=003D2548
name:"B"	sym:2	attr:32	level:0	procname:"B"	next=00000000
B
name:"BEGIN"	sym:2	attr:31	level:0	procname:"B"	next=003D24C8
name:"BEGIN"	sym:2	attr:31	level:0	procname:"B"	next=003D2548
name:"B"	sym:2	attr:32	level:0	procname:"B"	next=00000000
B
name:"BEGIN"	sym:2	attr:31	level:0	procname:"B"	next=003D24C8
name:"BEGIN"	sym:2	attr:31	level:0	procname:"B"	next=003D2548
name:"B"	sym:2	attr:32	level:0	procname:"B"	next=00000000
B
name:"BEGIN"	sym:2	attr:31	level:0	procname:"B"	next=003D24C8
name:"BEGIN"	sym:2	attr:31	level:0	procname:"B"	next=003D2548
name:"B"	sym:2	attr:32	level:0	procname:"B"	next=00000000
B
name:"BEGIN"	sym:2	attr:31	level:0	procname:"B"	next=003D24C8
name:"BEGIN"	sym:2	attr:31	level:0	procname:"B"	next=003D2548
name:"B"	sym:2	attr:32	level:0	procname:"B"	next=00000000
B
name:"BEGIN"	sym:2	attr:31	level:0	procname:"B"	next=003D24C8
name:"BEGIN"	sym:2	attr:31	level:0	procname:"B"	next=003D2548
name:"B"	sym:2	attr:32	level:0	procname:"B"	next=00000000
B
name:"BEGIN"	sym:2	attr:31	level:0	procname:"B"	next=003D24C8
name:"BEGIN"	sym:2	attr:31	level:0	procname:"B"	next=003D2548
name:"B"	sym:2	attr:32	level:0	procname:"B"	next=00000000
B
name:"BEGIN"	sym:2	attr:31	level:0	procname:"B"	next=003D24C8
name:"BEGIN"	sym:2	attr:31	level:0	procname:"B"	next=003D2548
name:"B"	sym:2	attr:32	level:0	procname:"B"	next=00000000
B
name:"BEGIN"	sym:2	attr:31	level:0	procname:"B"	next=003D24C8
***
***B
name:"BEGIN"	sym:2	attr:31	level:1	procname:"B"	next=003D2600
name:"BEGIN"	sym:2	attr:31	level:1	procname:"B"	next=00000000
B
name:"BEGIN"	sym:2	attr:31	level:0	procname:"B"	next=003D24C8
name:"BEGIN"	sym:2	attr:31	level:0	procname:"B"	next=003D2548
name:"B"	sym:2	attr:32	level:0	procname:"B"	next=00000000
B
name:"BEGIN"	sym:2	attr:31	level:0	procname:"B"	next=003D24C8
name:"BEGIN"	sym:2	attr:31	level:0	procname:"B"	next=003D2548
name:"B"	sym:2	attr:32	level:0	procname:"B"	next=00000000
B
name:"BEGIN"	sym:2	attr:31	level:0	procname:"B"	next=003D24C8
name:"BEGIN"	sym:2	attr:31	level:0	procname:"B"	next=003D2548
name:"B"	sym:2	attr:32	level:0	procname:"B"	next=00000000
B
name:"BEGIN"	sym:2	attr:31	level:0	procname:"B"	next=003D24C8
name:"BEGIN"	sym:2	attr:31	level:0	procname:"B"	next=003D2548
name:"B"	sym:2	attr:32	level:0	procname:"B"	next=00000000
B
name:"BEGIN"	sym:2	attr:31	level:0	procname:"B"	next=003D24C8
name:"BEGIN"	sym:2	attr:31	level:0	procname:"B"	next=003D2548
name:"B"	sym:2	attr:32	level:0	procname:"B"	next=00000000
B
name:"BEGIN"	sym:2	attr:31	level:0	procname:"B"	next=003D24C8
name:"BEGIN"	sym:2	attr:31	level:0	procname:"B"	next=003D2548
name:"B"	sym:2	attr:32	level:0	procname:"B"	next=00000000
B
name:"BEGIN"	sym:2	attr:31	level:0	procname:"B"	next=003D24C8
name:"BEGIN"	sym:2	attr:31	level:0	procname:"B"	next=003D2548
name:"B"	sym:2	attr:32	level:0	procname:"B"	next=00000000
B
name:"BEGIN"	sym:2	attr:31	level:0	procname:"B"	next=003D24C8
name:"BEGIN"	sym:2	attr:31	level:0	procname:"B"	next=003D2548
name:"B"	sym:2	attr:32	level:0	procname:"B"	next=00000000
B
name:"BEGIN"	sym:2	attr:31	level:0	procname:"B"	next=003D24C8
name:"BEGIN"	sym:2	attr:31	level:0	procname:"B"	next=003D2548
name:"B"	sym:2	attr:32	level:0	procname:"B"	next=00000000
B
name:"BEGIN"	sym:2	attr:31	level:0	procname:"B"	next=003D24C8
name:"BEGIN"	sym:2	attr:31	level:0	procname:"B"	next=003D2548
name:"B"	sym:2	attr:32	level:0	procname:"B"	next=00000000
B
name:"BEGIN"	sym:2	attr:31	level:0	procname:"B"	next=003D24C8
name:"BEGIN"	sym:2	attr:31	level:0	procname:"B"	next=003D2548
name:"B"	sym:2	attr:32	level:0	procname:"B"	next=00000000
B
name:"BEGIN"	sym:2	attr:31	level:0	procname:"B"	next=003D24C8
name:"BEGIN"	sym:2	attr:31	level:0	procname:"B"	next=003D2548
name:"B"	sym:2	attr:32	level:0	procname:"B"	next=00000000
B
name:"BEGIN"	sym:2	attr:31	level:0	procname:"B"	next=003D24C8
name:"BEGIN"	sym:2	attr:31	level:0	procname:"B"	next=003D2548
name:"B"	sym:2	attr:32	level:0	procname:"B"	next=00000000
B
name:"BEGIN"	sym:2	attr:31	level:0	procname:"B"	next=003D24C8
name:"BEGIN"	sym:2	attr:31	level:0	procname:"B"	next=003D2548
name:"B"	sym:2	attr:32	level:0	procname:"B"	next=00000000
B
name:"BEGIN"	sym:2	attr:31	level:0	procname:"B"	next=003D24C8
name:"BEGIN"	sym:2	attr:31	level:0	procname:"B"	next=003D2548
***
***B
name:"BEGIN"	sym:2	attr:31	level:1	procname:"B"	next=003D2600
name:"BEGIN"	sym:2	attr:31	level:1	procname:"B"	next=00000000
B
name:"BEGIN"	sym:2	attr:31	level:0	procname:"B"	next=003D24C8
name:"BEGIN"	sym:2	attr:31	level:0	procname:"B"	next=003D2548
name:"B"	sym:2	attr:32	level:0	procname:"B"	next=00000000
B
name:"BEGIN"	sym:2	attr:31	level:0	procname:"B"	next=003D24C8
name:"BEGIN"	sym:2	attr:31	level:0	procname:"B"	next=003D2548
name:"B"	sym:2	attr:32	level:0	procname:"B"	next=00000000
B
name:"BEGIN"	sym:2	attr:31	level:0	procname:"B"	next=003D24C8
name:"BEGIN"	sym:2	attr:31	level:0	procname:"B"	next=003D2548
name:"B"	sym:2	attr:32	level:0	procname:"B"	next=00000000
B
name:"BEGIN"	sym:2	attr:31	level:0	procname:"B"	next=003D24C8
name:"BEGIN"	sym:2	attr:31	level:0	procname:"B"	next=003D2548
name:"B"	sym:2	attr:32	level:0	procname:"B"	next=00000000
B
name:"BEGIN"	sym:2	attr:31	level:0	procname:"B"	next=003D24C8
name:"BEGIN"	sym:2	attr:31	level:0	procname:"B"	next=003D2548
name:"B"	sym:2	attr:32	level:0	procname:"B"	next=00000000
B
name:"BEGIN"	sym:2	attr:31	level:0	procname:"B"	next=003D24C8
name:"BEGIN"	sym:2	attr:31	level:0	procname:"B"	next=003D2548
name:"B"	sym:2	attr:32	level:0	procname:"B"	next=00000000
B
name:"BEGIN"	sym:2	attr:31	level:0	procname:"B"	next=003D24C8
name:"BEGIN"	sym:2	attr:31	level:0	procname:"B"	next=003D2548
name:"B"	sym:2	attr:32	level:0	procname:"B"	next=00000000
B
name:"BEGIN"	sym:2	attr:31	level:0	procname:"B"	next=003D24C8
name:"BEGIN"	sym:2	attr:31	level:0	procname:"B"	next=003D2548
name:"B"	sym:2	attr:32	level:0	procname:"B"	next=00000000
B
name:"BEGIN"	sym:2	attr:31	level:0	procname:"B"	next=003D24C8
name:"BEGIN"	sym:2	attr:31	level:0	procname:"B"	next=003D2548
name:"B"	sym:2	attr:32	level:0	procname:"B"	next=00000000
B
name:"BEGIN"	sym:2	attr:31	level:0	procname:"B"	next=003D24C8
name:"BEGIN"	sym:2	attr:31	level:0	procname:"B"	next=003D2548
name:"B"	sym:2	attr:32	level:0	procname:"B"	next=00000000
B
name:"BEGIN"	sym:2	attr:31	level:0	procname:"B"	next=003D24C8
name:"BEGIN"	sym:2	attr:31	level:0	procname:"B"	next=003D2548
name:"B"	sym:2	attr:32	level:0	procname:"B"	next=00000000
B
name:"BEGIN"	sym:2	attr:31	level:0	procname:"B"	next=003D24C8
name:"BEGIN"	sym:2	attr:31	level:0	procname:"B"	next=003D2548
name:"B"	sym:2	attr:32	level:0	procname:"B"	next=00000000
B
name:"BEGIN"	sym:2	attr:31	level:0	procname:"B"	next=003D24C8
name:"BEGIN"	sym:2	attr:31	level:0	procname:"B"	next=003D2548
name:"B"	sym:2	attr:32	level:0	procname:"B"	next=00000000
B
name:"BEGIN"	sym:2	attr:31	level:0	procname:"B"	next=003D24C8
name:"BEGIN"	sym:2	attr:31	level:0	procname:"B"	next=003D2548
name:"B"	sym:2	attr:32	level:0	procname:"B"	next=00000000
B
name:"BEGIN"	sym:2	attr:31	level:0	procname:"B"	next=003D24C8
name:"BEGIN"	sym:2	attr:31	level:0	procname:"B"	next=003D2548
name:"B"	sym:2	attr:32	level:0	procname:"B"	next=00000000
***
***B
name:"BEGIN"	sym:2	attr:31	level:1	procname:"B"	next=003D2600
name:"BEGIN"	sym:2	attr:31	level:1	procname:"B"	next=00000000
B
name:"BEGIN"	sym:2	attr:31	level:0	procname:"B"	next=003D24C8
name:"BEGIN"	sym:2	attr:31	level:0	procname:"B"	next=003D2548
name:"B"	sym:2	attr:32	level:0	procname:"B"	next=00000000
B
name:"BEGIN"	sym:2	attr:31	level:0	procname:"B"	next=003D24C8
name:"BEGIN"	sym:2	attr:31	level:0	procname:"B"	next=003D2548
name:"B"	sym:2	attr:32	level:0	procname:"B"	next=00000000
B
name:"BEGIN"	sym:2	attr:31	level:0	procname:"B"	next=003D24C8
name:"BEGIN"	sym:2	attr:31	level:0	procname:"B"	next=003D2548
name:"B"	sym:2	attr:32	level:0	procname:"B"	next=00000000
B
name:"BEGIN"	sym:2	attr:31	level:0	procname:"B"	next=003D24C8
name:"BEGIN"	sym:2	attr:31	level:0	procname:"B"	next=003D2548
name:"B"	sym:2	attr:32	level:0	procname:"B"	next=00000000
B
name:"BEGIN"	sym:2	attr:31	level:0	procname:"B"	next=003D24C8
name:"BEGIN"	sym:2	attr:31	level:0	procname:"B"	next=003D2548
name:"B"	sym:2	attr:32	level:0	procname:"B"	next=00000000
B
name:"BEGIN"	sym:2	attr:31	level:0	procname:"B"	next=003D24C8
name:"BEGIN"	sym:2	attr:31	level:0	procname:"B"	next=003D2548
name:"B"	sym:2	attr:32	level:0	procname:"B"	next=00000000
B
name:"BEGIN"	sym:2	attr:31	level:0	procname:"B"	next=003D24C8
name:"BEGIN"	sym:2	attr:31	level:0	procname:"B"	next=003D2548
name:"B"	sym:2	attr:32	level:0	procname:"B"	next=00000000
B
name:"BEGIN"	sym:2	attr:31	level:0	procname:"B"	next=003D24C8
name:"BEGIN"	sym:2	attr:31	level:0	procname:"B"	next=003D2548
name:"B"	sym:2	attr:32	level:0	procname:"B"	next=00000000
B
name:"BEGIN"	sym:2	attr:31	level:0	procname:"B"	next=003D24C8
name:"BEGIN"	sym:2	attr:31	level:0	procname:"B"	next=003D2548
name:"B"	sym:2	attr:32	level:0	procname:"B"	next=00000000
B
name:"BEGIN"	sym:2	attr:31	level:0	procname:"B"	next=003D24C8
name:"BEGIN"	sym:2	attr:31	level:0	procname:"B"	next=003D2548
name:"B"	sym:2	attr:32	level:0	procname:"B"	next=00000000
B
name:"BEGIN"	sym:2	attr:31	level:0	procname:"B"	next=003D24C8
name:"BEGIN"	sym:2	attr:31	level:0	procname:"B"	next=003D2548
name:"B"	sym:2	attr:32	level:0	procname:"B"	next=00000000
B
name:"BEGIN"	sym:2	attr:31	level:0	procname:"B"	next=003D24C8
name:"BEGIN"	sym:2	attr:31	level:0	procname:"B"	next=003D2548
name:"B"	sym:2	attr:32	level:0	procname:"B"	next=00000000
B
name:"BEGIN"	sym:2	attr:31	level:0	procname:"B"	next=003D24C8
name:"BEGIN"	sym:2	attr:31	level:0	procname:"B"	next=003D2548
name:"B"	sym:2	attr:32	level:0	procname:"B"	next=00000000
B
name:"BEGIN"	sym:2	attr:31	level:0	procname:"B"	next=003D24C8
name:"BEGIN"	sym:2	attr:31	level:0	procname:"B"	next=003D2548
name:"B"	sym:2	attr:32	level:0	procname:"B"	next=00000000
B
name:"BEGIN"	sym:2	attr:31	level:0	procname:"B"	next=003D24C8
name:"BEGIN"	sym:2	attr:31	level:0	procname:"B"	next=003D2548
name:"B"	sym:2	attr:32	level:0	procname:"B"	next=00000000
B
name:"BEGIN"	sym:2	attr:31	level:0	procname:"B"	next=003D24C8
***
***B
name:"BEGIN"	sym:2	attr:31	level:1	procname:"B"	next=003D2600
name:"BEGIN"	sym:2	attr:31	level:1	procname:"B"	next=00000000
B
name:"BEGIN"	sym:2	attr:31	level:0	procname:"B"	next=003D24C8
name:"BEGIN"	sym:2	attr:31	level:0	procname:"B"	next=003D2548
name:"B"	sym:2	attr:32	level:0	procname:"B"	next=00000000
B
name:"BEGIN"	sym:2	attr:31	level:0	procname:"B"	next=003D24C8
name:"BEGIN"	sym:2	attr:31	level:0	procname:"B"	next=003D2548
name:"B"	sym:2	attr:32	level:0	procname:"B"	next=00000000
B
name:"BEGIN"	sym:2	attr:31	level:0	procname:"B"	next=003D24C8
name:"BEGIN"	sym:2	attr:31	level:0	procname:"B"	next=003D2548
name:"B"	sym:2	attr:32	level:0	procname:"B"	next=00000000
B
name:"BEGIN"	sym:2	attr:31	level:0	procname:"B"	next=003D24C8
name:"BEGIN"	sym:2	attr:31	level:0	procname:"B"	next=003D2548
name:"B"	sym:2	attr:32	level:0	procname:"B"	next=00000000
B
name:"BEGIN"	sym:2	attr:31	level:0	procname:"B"	next=003D24C8
name:"BEGIN"	sym:2	attr:31	level:0	procname:"B"	next=003D2548
name:"B"	sym:2	attr:32	level:0	procname:"B"	next=00000000
B
name:"BEGIN"	sym:2	attr:31	level:0	procname:"B"	next=003D24C8
name:"BEGIN"	sym:2	attr:31	level:0	procname:"B"	next=003D2548
name:"B"	sym:2	attr:32	level:0	procname:"B"	next=00000000
B
name:"BEGIN"	sym:2	attr:31	level:0	procname:"B"	next=003D24C8
name:"BEGIN"	sym:2	attr:31	level:0	procname:"B"	next=003D2548
name:"B"	sym:2	attr:32	level:0	procname:"B"	next=00000000
B
name:"BEGIN"	sym:2	attr:31	level:0	procname:"B"	next=003D24C8
name:"BEGIN"	sym:2	attr:31	level:0	procname:"B"	next=003D2548
name:"B"	sym:2	attr:32	level:0	procname:"B"	next=00000000
B
name:"BEGIN"	sym:2	attr:31	level:0	procname:"B"	next=003D24C8
name:"BEGIN"	sym:2	attr:31	level:0	procname:"B"	next=003D2548
name:"B"	sym:2	attr:32	level:0	procname:"B"	next=00000000
B
name:"BEGIN"	sym:2	attr:31	level:0	procname:"B"	next=003D24C8
name:"BEGIN"	sym:2	attr:31	level:0	procname:"B"	next=003D2548
name:"B"	sym:2	attr:32	level:0	procname:"B"	next=00000000
B
name:"BEGIN"	sym:2	attr:31	level:0	procname:"B"	next=003D24C8
name:"BEGIN"	sym:2	attr:31	level:0	procname:"B"	next=003D2548
name:"B"	sym:2	attr:32	level:0	procname:"B"	next=00000000
B
name:"BEGIN"	sym:2	attr:31	level:0	procname:"B"	next=003D24C8
name:"BEGIN"	sym:2	attr:31	level:0	procname:"B"	next=003D2548
name:"B"	sym:2	attr:32	level:0	procname:"B"	next=00000000
B
name:"BEGIN"	sym:2	attr:31	level:0	procname:"B"	next=003D24C8
name:"BEGIN"	sym:2	attr:31	level:0	procname:"B"	next=003D2548
name:"B"	sym:2	attr:32	level:0	procname:"B"	next=00000000
B
name:"BEGIN"	sym:2	attr:31	level:0	procname:"B"	next=003D24C8
name:"BEGIN"	sym:2	attr:31	level:0	procname:"B"	next=003D2548
name:"B"	sym:2	attr:32	level:0	procname:"B"	next=00000000
B
name:"BEGIN"	sym:2	attr:31	level:0	procname:"B"	next=003D24C8
name:"BEGIN"	sym:2	attr:31	level:0	procname:"B"	next=003D2548
name:"B"	sym:2	attr:32	level:0	procname:"B"	next=00000000
B
name:"BEGIN"	sym:2	attr:31	level:0	procname:"B"	next=003D24C8
name:"BEGIN"	sym:2	attr:31	level:0	procname:"B"	next=003D2548
***
***B
name:"BEGIN"	sym:2	attr:31	level:1	procname:"B"	next=003D2600
name:"BEGIN"	sym:2	attr:31	level:1	procname:"B"	next=00000000
B
name:"BEGIN"	sym:2	attr:31	level:0	procname:"B"	next=003D24C8
name:"BEGIN"	sym:2	attr:31	level:0	procname:"B"	next=003D2548
name:"B"	sym:2	attr:32	level:0	procname:"B"	next=00000000
B
name:"BEGIN"	sym:2	attr:31	level:0	procname:"B"	next=003D24C8
name:"BEGIN"	sym:2	attr:31	level:0	procname:"B"	next=003D2548
name:"B"	sym:2	attr:32	level:0	procname:"B"	next=00000000
B
name:"BEGIN"	sym:2	attr:31	level:0	procname:"B"	next=003D24C8
name:"BEGIN"	sym:2	attr:31	level:0	procname:"B"	next=003D2548
name:"B"	sym:2	attr:32	level:0	procname:"B"	next=00000000
B
name:"BEGIN"	sym:2	attr:31	level:0	procname:"B"	next=003D24C8
name:"BEGIN"	sym:2	attr:31	level:0	procname:"B"	next=003D2548
name:"B"	sym:2	attr:32	level:0	procname:"B"	next=00000000
B
name:"BEGIN"	sym:2	attr:31	level:0	procname:"B"	next=003D24C8
name:"BEGIN"	sym:2	attr:31	level:0	procname:"B"	next=003D2548
name:"B"	sym:2	attr:32	level:0	procname:"B"	next=00000000
B
name:"BEGIN"	sym:2	attr:31	level:0	procname:"B"	next=003D24C8
name:"BEGIN"	sym:2	attr:31	level:0	procname:"B"	next=003D2548
name:"B"	sym:2	attr:32	level:0	procname:"B"	next=00000000
B
name:"BEGIN"	sym:2	attr:31	level:0	procname:"B"	next=003D24C8
name:"BEGIN"	sym:2	attr:31	level:0	procname:"B"	next=003D2548
name:"B"	sym:2	attr:32	level:0	procname:"B"	next=00000000
B
name:"BEGIN"	sym:2	attr:31	level:0	procname:"B"	next=003D24C8
name:"BEGIN"	sym:2	attr:31	level:0	procname:"B"	next=003D2548
name:"B"	sym:2	attr:32	level:0	procname:"B"	next=00000000
B
name:"BEGIN"	sym:2	attr:31	level:0	procname:"B"	next=003D24C8
name:"BEGIN"	sym:2	attr:31	level:0	procname:"B"	next=003D2548
name:"B"	sym:2	attr:32	level:0	procname:"B"	next=00000000
B
name:"BEGIN"	sym:2	attr:31	level:0	procname:"B"	next=003D24C8
name:"BEGIN"	sym:2	attr:31	level:0	procname:"B"	next=003D2548
name:"B"	sym:2	attr:32	level:0	procname:"B"	next=00000000
B
name:"BEGIN"	sym:2	attr:31	level:0	procname:"B"	next=003D24C8
name:"BEGIN"	sym:2	attr:31	level:0	procname:"B"	next=003D2548
name:"B"	sym:2	attr:32	level:0	procname:"B"	next=00000000
B
name:"BEGIN"	sym:2	attr:31	level:0	procname:"B"	next=003D24C8
name:"BEGIN"	sym:2	attr:31	level:0	procname:"B"	next=003D2548
name:"B"	sym:2	attr:32	level:0	procname:"B"	next=00000000
B
name:"BEGIN"	sym:2	attr:31	level:0	procname:"B"	next=003D24C8
name:"BEGIN"	sym:2	attr:31	level:0	procname:"B"	next=003D2548
name:"B"	sym:2	attr:32	level:0	procname:"B"	next=00000000
B
name:"BEGIN"	sym:2	attr:31	level:0	procname:"B"	next=003D24C8
name:"BEGIN"	sym:2	attr:31	level:0	procname:"B"	next=003D2548
name:"B"	sym:2	attr:32	level:0	procname:"B"	next=00000000
B
name:"BEGIN"	sym:2	attr:31	level:0	procname:"B"	next=003D24C8
name:"BEGIN"	sym:2	attr:31	level:0	procname:"B"	next=003D2548
name:"B"	sym:2	attr:32	level:0	procname:"B"	next=00000000
B
name:"BEGIN"	sym:2	attr:31	level:0	procname:"B"	next=003D24C8
name:"BEGIN"	sym:2	attr:31	level:0	procname:"B"	next=003D2548
name:"B"	sym:2	attr:32	level:0	procname:"B"	next=00000000
***
***B
name:"BEGIN"	sym:2	attr:31	level:1	procname:"B"	next=003D2600
name:"BEGIN"	sym:2	attr:31	level:1	procname:"B"	next=00000000
B
name:"BEGIN"	sym:2	attr:31	level:0	procname:"B"	next=003D24C8
name:"BEGIN"	sym:2	attr:31	level:0	procname:"B"	next=003D2548
name:"B"	sym:2	attr:32	level:0	procname:"B"	next=00000000
B
name:"BEGIN"	sym:2	attr:31	level:0	procname:"B"	next=003D24C8
name:"BEGIN"	sym:2	attr:31	level:0	procname:"B"	next=003D2548
name:"B"	sym:2	attr:32	level:0	procname:"B"	next=00000000
B
name:"BEGIN"	sym:2	attr:31	level:0	procname:"B"	next=003D24C8
name:"BEGIN"	sym:2	attr:31	level:0	procname:"B"	next=003D2548
name:"B"	sym:2	attr:32	level:0	procname:"B"	next=00000000
B
name:"BEGIN"	sym:2	attr:31	level:0	procname:"B"	next=003D24C8
name:"BEGIN"	sym:2	attr:31	level:0	procname:"B"	next=003D2548
name:"B"	sym:2	attr:32	level:0	procname:"B"	next=00000000
B
name:"BEGIN"	sym:2	attr:31	level:0	procname:"B"	next=003D24C8
name:"BEGIN"	sym:2	attr:31	level:0	procname:"B"	next=003D2548
name:"B"	sym:2	attr:32	level:0	procname:"B"	next=00000000
B
name:"BEGIN"	sym:2	attr:31	level:0	procname:"B"	next=003D24C8
name:"BEGIN"	sym:2	attr:31	level:0	procname:"B"	next=003D2548
name:"B"	sym:2	attr:32	level:0	procname:"B"	next=00000000
B
name:"BEGIN"	sym:2	attr:31	level:0	procname:"B"	next=003D24C8
name:"BEGIN"	sym:2	attr:31	level:0	procname:"B"	next=003D2548
name:"B"	sym:2	attr:32	level:0	procname:"B"	next=00000000
B
name:"BEGIN"	sym:2	attr:31	level:0	procname:"B"	next=003D24C8
name:"BEGIN"	sym:2	attr:31	level:0	procname:"B"	next=003D2548
name:"B"	sym:2	attr:32	level:0	procname:"B"	next=00000000
B
name:"BEGIN"	sym:2	attr:31	level:0	procname:"B"	next=003D24C8
name:"BEGIN"	sym:2	attr:31	level:0	procname:"B"	next=003D2548
name:"B"	sym:2	attr:32	level:0	procname:"B"	next=00000000
B
name:"BEGIN"	sym:2	attr:31	level:0	procname:"B"	next=003D24C8
name:"BEGIN"	sym:2	attr:31	level:0	procname:"B"	next=003D2548
name:"B"	sym:2	attr:32	level:0	procname:"B"	next=00000000
B
name:"BEGIN"	sym:2	attr:31	level:0	procname:"B"	next=003D24C8
name:"BEGIN"	sym:2	attr:31	level:0	procname:"B"	next=003D2548
name:"B"	sym:2	attr:32	level:0	procname:"B"	next=00000000
B
name:"BEGIN"	sym:2	attr:31	level:0	procname:"B"	next=003D24C8
name:"BEGIN"	sym:2	attr:31	level:0	procname:"B"	next=003D2548
name:"B"	sym:2	attr:32	level:0	procname:"B"	next=00000000
B
name:"BEGIN"	sym:2	attr:31	level:0	procname:"B"	next=003D24C8
name:"BEGIN"	sym:2	attr:31	level:0	procname:"B"	next=003D2548
name:"B"	sym:2	attr:32	level:0	procname:"B"	next=00000000
B
name:"BEGIN"	sym:2	attr:31	level:0	procname:"B"	next=003D24C8
name:"BEGIN"	sym:2	attr:31	level:0	procname:"B"	next=003D2548
name:"B"	sym:2	attr:32	level:0	procname:"B"	next=00000000
B
name:"BEGIN"	sym:2	attr:31	level:0	procname:"B"	next=003D24C8
name:"BEGIN"	sym:2	attr:31	level:0	procname:"B"	next=003D2548
name:"B"	sym:2	attr:32	level:0	procname:"B"	next=00000000
B
name:"BEGIN"	sym:2	attr:31	level:0	procname:"B"	next=003D24C8
name:"BEGIN"	sym:2	attr:31	level:0	procname:"B"	next=003D2548
name:"B"	sym:2	attr:32	level:0	procname:"B"	next=00000000
B
name:"BEGIN"	sym:2	attr:31	level:0	procname:"B"	next=003D24C8
***
***B
name:"BEGIN"	sym:2	attr:31	level:1	procname:"B"	next=003D2600
name:"BEGIN"	sym:2	attr:31	level:1	procname:"B"	next=00000000
B
name:"BEGIN"	sym:2	attr:31	level:0	procname:"B"	next=003D24C8
name:"BEGIN"	sym:2	attr:31	level:0	procname:"B"	next=003D2548
name:"B"	sym:2	attr:32	level:0	procname:"B"	next=00000000
B
name:"BEGIN"	sym:2	attr:31	level:0	procname:"B"	next=003D24C8
name:"BEGIN"	sym:2	attr:31	level:0	procname:"B"	next=003D2548
name:"B"	sym:2	attr:32	level:0	procname:"B"	next=00000000
B
name:"BEGIN"	sym:2	attr:31	level:0	procname:"B"	next=003D24C8
name:"BEGIN"	sym:2	attr:31	level:0	procname:"B"	next=003D2548
name:"B"	sym:2	attr:32	level:0	procname:"B"	next=00000000
B
name:"BEGIN"	sym:2	attr:31	level:0	procname:"B"	next=003D24C8
name:"BEGIN"	sym:2	attr:31	level:0	procname:"B"	next=003D2548
name:"B"	sym:2	attr:32	level:0	procname:"B"	next=00000000
B
name:"BEGIN"	sym:2	attr:31	level:0	procname:"B"	next=003D24C8
name:"BEGIN"	sym:2	attr:31	level:0	procname:"B"	next=003D2548
name:"B"	sym:2	attr:32	level:0	procname:"B"	next=00000000
B
name:"BEGIN"	sym:2	attr:31	level:0	procname:"B"	next=003D24C8
name:"BEGIN"	sym:2	attr:31	level:0	procname:"B"	next=003D2548
name:"B"	sym:2	attr:32	level:0	procname:"B"	next=00000000
B
name:"BEGIN"	sym:2	attr:31	level:0	procname:"B"	next=003D24C8
name:"BEGIN"	sym:2	attr:31	level:0	procname:"B"	next=003D2548
name:"B"	sym:2	attr:32	level:0	procname:"B"	next=00000000
B
name:"BEGIN"	sym:2	attr:31	level:0	procname:"B"	next=003D24C8
name:"BEGIN"	sym:2	attr:31	level:0	procname:"B"	next=003D2548
name:"B"	sym:2	attr:32	level:0	procname:"B"	next=00000000
B
name:"BEGIN"	sym:2	attr:31	level:0	procname:"B"	next=003D24C8
name:"BEGIN"	sym:2	attr:31	level:0	procname:"B"	next=003D2548
name:"B"	sym:2	attr:32	level:0	procname:"B"	next=00000000
B
name:"BEGIN"	sym:2	attr:31	level:0	procname:"B"	next=003D24C8
name:"BEGIN"	sym:2	attr:31	level:0	procname:"B"	next=003D2548
name:"B"	sym:2	attr:32	level:0	procname:"B"	next=00000000
B
name:"BEGIN"	sym:2	attr:31	level:0	procname:"B"	next=003D24C8
name:"BEGIN"	sym:2	attr:31	level:0	procname:"B"	next=003D2548
name:"B"	sym:2	attr:32	level:0	procname:"B"	next=00000000
B
name:"BEGIN"	sym:2	attr:31	level:0	procname:"B"	next=003D24C8
name:"BEGIN"	sym:2	attr:31	level:0	procname:"B"	next=003D2548
name:"B"	sym:2	attr:32	level:0	procname:"B"	next=00000000
B
name:"BEGIN"	sym:2	attr:31	level:0	procname:"B"	next=003D24C8
name:"BEGIN"	sym:2	attr:31	level:0	procname:"B"	next=003D2548
name:"B"	sym:2	attr:32	level:0	procname:"B"	next=00000000
B
name:"BEGIN"	sym:2	attr:31	level:0	procname:"B"	next=003D24C8
name:"BEGIN"	sym:2	attr:31	level:0	procname:"B"	next=003D2548
name:"B"	sym:2	attr:32	level:0	procname:"B"	next=00000000
B
name:"BEGIN"	sym:2	attr:31	level:0	procname:"B"	next=003D24C8
name:"BEGIN"	sym:2	attr:31	level:0	procname:"B"	next=003D2548
name:"B"	sym:2	attr:32	level:0	procname:"B"	next=00000000
B
name:"BEGIN"	sym:2	attr:31	level:0	procname:"B"	next=003D24C8
name:"BEGIN"	sym:2	attr:31	level:0	procname:"B"	next=003D2548
name:"B"	sym:2	attr:32	level:0	procname:"B"	next=00000000
B
name:"BEGIN"	sym:2	attr:31	level:0	procname:"B"	next=003D24C8
name:"BEGIN"	sym:2	attr:31	level:0	procname:"B"	next=003D2548
***
***B
name:"BEGIN"	sym:2	attr:31	level:1	procname:"B"	next=003D2600
name:"BEGIN"	sym:2	attr:31	level:1	procname:"B"	next=00000000
B
name:"BEGIN"	sym:2	attr:31	level:0	procname:"B"	next=003D24C8
name:"BEGIN"	sym:2	attr:31	level:0	procname:"B"	next=003D2548
name:"B"	sym:2	attr:32	level:0	procname:"B"	next=00000000
B
name:"BEGIN"	sym:2	attr:31	level:0	procname:"B"	next=003D24C8
name:"BEGIN"	sym:2	attr:31	level:0	procname:"B"	next=003D2548
name:"B"	sym:2	attr:32	level:0	procname:"B"	next=00000000
B
name:"BEGIN"	sym:2	attr:31	level:0	procname:"B"	next=003D24C8
name:"BEGIN"	sym:2	attr:31	level:0	procnam